desk: link connecting (not connected yet)
desk: link reading the show (not connected yet)
desk: link ready (linked)
desk: deluxe-eventos, 1 of 11 controls enabled before the first snapshot
touch: declared 1663x895, mapping 1024x600, xy
statusbar text: Inter (/usr/share/fonts/taq102/Inter-SemiBold.ttf)
desk: 1 of 11 controls enabled against the master's console
rtt 21
rtt 38
rtt 20
rtt 6
rtt 9
rtt 50
rtt 9
rtt 16
rtt 18
rtt 29
rtt 19
rtt 29
rtt 28
rtt 19
rtt 9
rtt 18
rtt 49
rtt 7
rtt 18
rtt 20
desk: 3 flips so far, link up (linked)
rtt 8
rtt 19
rtt 27
rtt 39
rtt 6
rtt 9
rtt 19
rtt 27
rtt 19
rtt 17
rtt 19
rtt 29
rtt 7
rtt 9
rtt 27
rtt 19
rtt 40
rtt 18
rtt 29
rtt 17
rtt 19
desk: 3 flips so far, link up (linked)
rtt 9
rtt 17
rtt 48
rtt 19
rtt 9
rtt 19
rtt 28
rtt 51
rtt 16
rtt 39
rtt 25
rtt 10
rtt 7
rtt 8
rtt 9
rtt 7
rtt 10
rtt 7
rtt 9
rtt 18
rtt 27
rtt 29
rtt 36
desk: 3 flips so far, link up (linked)
rtt 8
rtt 19
rtt 17
rtt 49
rtt 27
rtt 29
rtt 19
rtt 17
rtt 19
rtt 27
rtt 19
rtt 18
rtt 37
rtt 9
rtt 7
rtt 29
rtt 39
rtt 17
rtt 19
rtt 48
rtt 9
rtt 19
rtt 37
rtt 9
desk: 3 flips so far, link up (linked)
rtt 17
rtt 19
rtt 29
rtt 7
rtt 19
rtt 27
rtt 40
rtt 18
rtt 27
rtt 19
rtt 7
rtt 29
rtt 9
rtt 17
rtt 19
rtt 27
rtt 19
rtt 36
rtt 19
rtt 27
rtt 39
rtt 9
rtt 38
desk: 3 flips so far, link up (linked)
rtt 29
rtt 47
rtt 29
rtt 39
rtt 16
rtt 49
rtt 8
rtt 19
rtt 9
rtt 48
rtt 50
rtt 16
rtt 39
rtt 20
rtt 8
rtt 19
rtt 28
rtt 18
rtt 10
rtt 18
rtt 29
rtt 27
rtt 18
desk: 3 flips so far, link up (linked)
rtt 11
rtt 18
rtt 39
rtt 16
rtt 20
rtt 38
rtt 9
rtt 17
rtt 19
rtt 30
rtt 29
rtt 49
rtt 16
rtt 90
rtt 7
rtt 19
rtt 9
rtt 7
rtt 8
rtt 19
rtt 8
desk: 3 flips so far, link up (linked)
rtt 29
rtt 17
rtt 9
rtt 19
rtt 27
rtt 9
rtt 10
rtt 8
rtt 17
rtt 48
rtt 10
rtt 18
rtt 60
rtt 37
rtt 18
rtt 20
rtt 48
rtt 10
rtt 16
rtt 9
rtt 20
desk: 3 flips so far, link up (linked)
rtt 28
rtt 19
rtt 27
rtt 39
rtt 9
rtt 10
rtt 9
rtt 6
rtt 9
rtt 48
rtt 29
rtt 17
rtt 22
rtt 27
rtt 50
rtt 22
rtt 28
rtt 7
rtt 5
rtt 19
rtt 18
desk: 3 flips so far, link up (linked)
rtt 9
rtt 36
rtt 19
rtt 10
rtt 6
rtt 19
rtt 27
rtt 19
rtt 29
rtt 28
rtt 18
rtt 7
rtt 19
rtt 29
rtt 37
rtt 19
rtt 27
rtt 29
rtt 27
rtt 29
rtt 17
rtt 29
rtt 18
desk: 3 flips so far, link up (linked)
rtt 17
rtt 30
rtt 16
rtt 19
rtt 37
rtt 9
rtt 27
rtt 49
rtt 9
rtt 49
rtt 9
rtt 27
rtt 30
rtt 28
rtt 47
rtt 29
rtt 17
rtt 19
rtt 16
rtt 39
rtt 26
desk: 3 flips so far, link up (linked)
rtt 29
rtt 9
rtt 18
rtt 19
rtt 27
rtt 30
rtt 9
rtt 19
rtt 9
rtt 107
rtt 18
rtt 26
rtt 29
rtt 19
rtt 18
rtt 28
rtt 17
rtt 19
rtt 29
rtt 27
rtt 29
rtt 47
rtt 18
rtt 10
desk: 3 flips so far, link up (linked)
rtt 36
rtt 19
rtt 27
rtt 19
rtt 16
rtt 29
rtt 37
rtt 9
rtt 29
rtt 49
rtt 29
rtt 27
rtt 19
rtt 38
rtt 18
rtt 38
rtt 10
rtt 16
rtt 19
rtt 16
rtt 29
desk: 3 flips so far, link up (linked)
rtt 17
rtt 19
rtt 27
rtt 19
rtt 9
rtt 7
rtt 9
rtt 26
rtt 39
rtt 19
rtt 28
rtt 29
rtt 27
rtt 39
rtt 10
rtt 9
rtt 16
rtt 39
rtt 10
rtt 18
rtt 10
desk: 3 flips so far, link up (linked)
rtt 16
rtt 29
rtt 19
rtt 29
rtt 49
rtt 16
rtt 49
rtt 7
rtt 19
rtt 40
rtt 18
rtt 30
rtt 7
rtt 18
rtt 29
rtt 27
rtt 19
rtt 17
rtt 19
rtt 21
rtt 315
rtt 10
rtt 38
rtt 28
desk: 3 flips so far, link up (linked)
rtt 38
rtt 16
rtt 19
rtt 48
rtt 9
rtt 7
rtt 18
rtt 31
rtt 28
rtt 7
rtt 18
rtt 10
rtt 9
rtt 18
rtt 37
rtt 29
rtt 30
rtt 19
rtt 9
desk: 3 flips so far, link up (linked)
rtt 17
rtt 29
rtt 37
rtt 8
rtt 10
rtt 6
rtt 8
rtt 17
rtt 49
rtt 19
rtt 9
rtt 17
rtt 29
rtt 19
rtt 17
rtt 29
rtt 38
rtt 8
rtt 29
rtt 27
rtt 19
rtt 16
rtt 20
desk: 3 flips so far, link up (linked)
rtt 38
rtt 17
rtt 29
rtt 17
rtt 19
rtt 27
rtt 19
rtt 27
rtt 9
rtt 8
rtt 16
rtt 49
rtt 9
rtt 16
rtt 29
rtt 28
rtt 9
rtt 18
rtt 40
rtt 9
desk: 3 flips so far, link up (linked)
rtt 7
rtt 18
rtt 39
rtt 19
rtt 26
rtt 19
rtt 20
rtt 8
rtt 9
rtt 29
rtt 30
rtt 17
rtt 18
rtt 39
rtt 19
rtt 38
rtt 29
rtt 18
rtt 29
desk: 3 flips so far, link up (linked)
rtt 27
rtt 9
rtt 49
rtt 29
rtt 17
rtt 19
rtt 36
rtt 29
rtt 57
rtt 9
rtt 46
rtt 29
rtt 17
rtt 19
rtt 47
rtt 29
rtt 30
rtt 19
rtt 29
rtt 6
desk: 3 flips so far, link up (linked)
rtt 19
rtt 10
rtt 8
rtt 29
rtt 37
rtt 29
rtt 40
rtt 8
rtt 29
rtt 17
rtt 19
rtt 20
rtt 39
rtt 9
rtt 26
rtt 39
rtt 10
rtt 18
rtt 19
rtt 37
rtt 9
rtt 15
rtt 10
desk: 3 flips so far, link up (linked)
rtt 41
rtt 12
rtt 8
rtt 34
rtt 19
rtt 18
rtt 10
rtt 9
rtt 16
rtt 49
rtt 29
rtt 28
rtt 19
rtt 16
rtt 29
rtt 19
rtt 29
rtt 40
rtt 7
rtt 19
rtt 8
rtt 10
rtt 16
desk: 3 flips so far, link up (linked)
rtt 8
rtt 19
rtt 28
rtt 19
rtt 17
rtt 19
rtt 30
rtt 9
rtt 19
rtt 15
rtt 39
rtt 10
rtt 18
rtt 19
rtt 38
rtt 9
rtt 8
rtt 19
rtt 27
rtt 19
rtt 6
rtt 19
rtt 39
desk: 3 flips so far, link up (linked)
rtt 17
rtt 29
rtt 17
rtt 9
rtt 19
rtt 16
rtt 29
rtt 17
rtt 19
rtt 9
rtt 47
rtt 10
rtt 6
rtt 19
rtt 29
rtt 36
rtt 39
rtt 26
rtt 29
rtt 19
rtt 10
rtt 17
desk: 3 flips so far, link up (linked)
rtt 50
rtt 18
rtt 37
rtt 9
rtt 17
rtt 29
rtt 16
rtt 9
rtt 26
rtt 21
rtt 8
rtt 6
rtt 19
rtt 7
rtt 9
rtt 7
rtt 9
rtt 6
rtt 19
rtt 7
rtt 19
desk: 3 flips so far, link up (linked)
rtt 17
rtt 18
rtt 29
rtt 7
rtt 10
rtt 27
rtt 18
rtt 39
rtt 27
rtt 18
rtt 7
rtt 18
rtt 39
rtt 17
rtt 20
rtt 26
rtt 29
rtt 10
rtt 35
rtt 10
rtt 6
rtt 8
rtt 29
rtt 37
desk: 3 flips so far, link up (linked)
rtt 19
rtt 48
rtt 9
rtt 19
rtt 36
rtt 29
rtt 17
rtt 10
rtt 18
rtt 17
rtt 9
rtt 6
rtt 18
rtt 9
rtt 17
rtt 9
rtt 27
rtt 39
rtt 29
rtt 39
desk: 3 flips so far, link up (linked)
rtt 16
rtt 29
rtt 37
rtt 9
rtt 19
rtt 8
rtt 40
rtt 23
rtt 29
rtt 11
rtt 8
rtt 19
rtt 36
rtt 19
rtt 10
rtt 19
rtt 48
rtt 16
rtt 9
rtt 50
rtt 19
rtt 9
rtt 37
rtt 29
desk: 3 flips so far, link up (linked)
rtt 47
rtt 9
rtt 19
rtt 37
rtt 9
rtt 17
rtt 19
rtt 9
rtt 10
rtt 16
rtt 79
rtt 29
rtt 17
rtt 29
rtt 17
rtt 19
rtt 30
rtt 9
rtt 16
rtt 9
rtt 17
desk: 3 flips so far, link up (linked)
rtt 29
rtt 28
rtt 17
rtt 39
rtt 18
rtt 28
rtt 29
rtt 6
rtt 28
rtt 18
rtt 9
rtt 17
rtt 19
rtt 37
rtt 9
rtt 19
rtt 47
rtt 9
rtt 17
rtt 18
rtt 20
rtt 7
desk: 3 flips so far, link up (linked)
rtt 50
rtt 16
rtt 39
rtt 19
rtt 26
rtt 29
rtt 46
rtt 80
rtt 9
rtt 38
rtt 19
rtt 17
rtt 49
rtt 10
rtt 18
rtt 29
rtt 18
rtt 8
rtt 10
rtt 18
rtt 49
rtt 7
rtt 19
rtt 27
desk: 3 flips so far, link up (linked)
rtt 30
rtt 8
rtt 16
rtt 9
rtt 37
rtt 19
rtt 36
rtt 18
rtt 17
rtt 29
rtt 19
rtt 37
rtt 19
rtt 26
rtt 29
rtt 19
rtt 17
rtt 39
rtt 7
rtt 8
rtt 19
rtt 17
desk: 3 flips so far, link up (linked)
rtt 29
rtt 7
rtt 9
rtt 19
rtt 17
rtt 19
rtt 27
rtt 19
rtt 26
rtt 21
rtt 7
rtt 18
rtt 10
rtt 8
rtt 9
rtt 8
rtt 18
rtt 39
rtt 19
rtt 10
rtt 27
rtt 39
rtt 20
desk: 3 flips so far, link up (linked)
rtt 18
rtt 49
rtt 7
rtt 19
rtt 29
rtt 19
rtt 10
rtt 6
rtt 9
rtt 29
rtt 40
rtt 26
rtt 38
rtt 31
rtt 8
rtt 9
rtt 16
rtt 18
rtt 39
rtt 28
rtt 29
rtt 17
rtt 19
desk: 3 flips so far, link up (linked)
rtt 39
rtt 19
rtt 48
rtt 18
rtt 10
rtt 109
rtt 19
rtt 15
rtt 20
rtt 46
rtt 29
rtt 27
rtt 49
rtt 27
rtt 40
rtt 9
rtt 19
rtt 18
rtt 38
rtt 27
desk: 3 flips so far, link up (linked)
rtt 39
rtt 9
rtt 18
rtt 9
rtt 7
rtt 19
rtt 38
rtt 27
rtt 18
rtt 38
rtt 29
rtt 27
rtt 19
rtt 17
rtt 9
rtt 29
rtt 27
rtt 19
rtt 41
rtt 19
rtt 16
rtt 19
desk: 3 flips so far, link up (linked)
rtt 37
rtt 29
rtt 17
rtt 9
rtt 36
rtt 9
rtt 18
rtt 27
rtt 19
rtt 17
rtt 9
rtt 29
rtt 27
rtt 9
rtt 7
rtt 8
rtt 9
rtt 8
rtt 28
rtt 17
rtt 19
desk: 3 flips so far, link up (linked)
rtt 17
rtt 39
rtt 16
rtt 19
rtt 29
rtt 27
rtt 49
rtt 7
rtt 17
rtt 20
rtt 27
rtt 9
rtt 16
rtt 19
rtt 50
rtt 15
rtt 40
rtt 16
rtt 19
rtt 40
rtt 15
rtt 20
rtt 17
rtt 40
desk: 3 flips so far, link up (linked)
rtt 19
rtt 38
rtt 19
rtt 17
rtt 39
rtt 20
rtt 18
rtt 29
rtt 18
rtt 8
rtt 6
rtt 9
rtt 10
rtt 227
rtt 29
rtt 27
rtt 19
rtt 40
rtt 17
rtt 9
rtt 17
rtt 9
desk: 3 flips so far, link up (linked)
rtt 8
rtt 29
rtt 27
rtt 19
rtt 29
rtt 27
rtt 9
rtt 17
rtt 19
rtt 29
rtt 20
rtt 18
rtt 28
rtt 8
rtt 30
rtt 28
rtt 19
rtt 17
rtt 19
rtt 29
rtt 7
rtt 9
rtt 41
rtt 10
desk: 3 flips so far, link up (linked)
rtt 9
rtt 28
rtt 30
rtt 17
rtt 9
rtt 7
rtt 19
rtt 7
rtt 28
rtt 29
rtt 27
rtt 39
rtt 17
rtt 28
rtt 29
rtt 17
rtt 9
rtt 18
rtt 9
rtt 20
rtt 5
desk: 3 flips so far, link up (linked)
rtt 8
rtt 16
rtt 40
rtt 18
rtt 17
rtt 40
rtt 7
rtt 39
rtt 20
rtt 18
rtt 39
rtt 17
rtt 29
rtt 30
rtt 9
rtt 18
rtt 7
rtt 10
rtt 9
rtt 19
rtt 8
rtt 18
desk: 3 flips so far, link up (linked)
rtt 39
rtt 28
rtt 39
rtt 8
rtt 18
rtt 27
rtt 19
rtt 9
rtt 17
rtt 39
rtt 29
rtt 39
rtt 29
rtt 27
rtt 9
rtt 10
rtt 8
rtt 29
rtt 27
rtt 19
rtt 29
rtt 10
desk: 3 flips so far, link up (linked)
rtt 28
rtt 17
rtt 29
rtt 10
rtt 28
rtt 39
rtt 17
rtt 48
rtt 11
rtt 18
rtt 49
rtt 18
rtt 48
rtt 19
rtt 50
rtt 18
rtt 47
rtt 19
rtt 7
rtt 29
rtt 10
rtt 26
rtt 19
desk: 3 flips so far, link up (linked)
rtt 6
rtt 19
rtt 39
rtt 7
rtt 19
rtt 27
rtt 19
rtt 9
rtt 29
rtt 30
rtt 7
rtt 9
rtt 7
rtt 9
rtt 19
rtt 29
rtt 27
rtt 40
rtt 19
rtt 18
desk: 3 flips so far, link up (linked)
rtt 39
rtt 17
rtt 29
rtt 30
rtt 9
rtt 19
rtt 16
rtt 8
rtt 16
rtt 10
rtt 28
rtt 17
rtt 19
rtt 17
rtt 49
rtt 19
rtt 7
rtt 19
rtt 18
rtt 20
rtt 29
rtt 27
rtt 40
rtt 6
desk: 3 flips so far, link up (linked)
rtt 9
rtt 25
rtt 27
rtt 16
rtt 29
rtt 38
rtt 27
rtt 29
rtt 28
rtt 18
rtt 49
rtt 20
rtt 48
rtt 6
rtt 9
rtt 7
rtt 9
rtt 39
rtt 8
rtt 16
rtt 10
desk: 3 flips so far, link up (linked)
rtt 9
rtt 28
rtt 20
rtt 26
rtt 29
rtt 30
rtt 18
rtt 28
rtt 27
rtt 19
rtt 17
rtt 10
rtt 9
rtt 27
rtt 39
rtt 27
rtt 29
rtt 10
rtt 18
rtt 30
rtt 28
rtt 8
rtt 10
rtt 16
desk: 3 flips so far, link up (linked)
rtt 18
rtt 37
rtt 29
rtt 19
rtt 17
rtt 19
rtt 26
rtt 30
rtt 39
rtt 7
rtt 8
rtt 16
rtt 19
rtt 29
rtt 16
rtt 29
rtt 27
rtt 19
rtt 8
rtt 9
rtt 6
rtt 29
desk: 3 flips so far, link up (linked)
rtt 27
rtt 29
rtt 27
rtt 9
rtt 49
rtt 7
rtt 9
rtt 17
rtt 9
rtt 38
rtt 17
rtt 19
rtt 48
rtt 8
rtt 29
rtt 37
rtt 9
rtt 20
rtt 38
rtt 27
rtt 29
rtt 16
desk: 3 flips so far, link up (linked)
rtt 20
rtt 9
rtt 10
rtt 18
rtt 37
rtt 18
rtt 19
rtt 29
rtt 9
rtt 27
rtt 19
rtt 39
rtt 19
rtt 37
rtt 10
rtt 9
rtt 17
rtt 29
rtt 39
rtt 20
desk: 3 flips so far, link up (linked)
rtt 39
rtt 6
rtt 19
rtt 37
rtt 29
rtt 39
rtt 16
rtt 29
rtt 27
rtt 9
rtt 19
rtt 39
rtt 17
rtt 29
rtt 9
rtt 19
rtt 10
rtt 28
rtt 19
rtt 27
desk: 3 flips so far, link up (linked)
rtt 9
rtt 10
rtt 19
rtt 21
rtt 22
rtt 28
rtt 39
rtt 19
rtt 7
rtt 15
rtt 19
rtt 29
rtt 19
rtt 38
rtt 9
rtt 19
rtt 18
rtt 8
rtt 18
rtt 9
rtt 19
rtt 30
desk: 3 flips so far, link up (linked)
rtt 7
rtt 9
rtt 19
rtt 18
rtt 9
rtt 36
rtt 19
rtt 40
rtt 19
rtt 9
rtt 7
rtt 9
rtt 18
rtt 39
rtt 17
rtt 29
rtt 40
rtt 18
rtt 29
rtt 47
rtt 10
rtt 16
desk: 3 flips so far, link up (linked)
rtt 29
rtt 19
rtt 17
rtt 29
rtt 17
rtt 19
rtt 28
rtt 17
rtt 29
rtt 7
rtt 19
rtt 39
rtt 26
rtt 39
rtt 7
rtt 19
rtt 9
rtt 47
rtt 8
rtt 9
rtt 18
rtt 6
rtt 19
desk: 3 flips so far, link up (linked)
rtt 37
rtt 9
rtt 19
rtt 27
rtt 40
rtt 26
rtt 9
rtt 10
rtt 9
rtt 8
rtt 16
rtt 29
rtt 40
rtt 8
rtt 19
rtt 28
rtt 9
rtt 20
rtt 17
rtt 10
rtt 6
rtt 9
rtt 37
rtt 19
desk: 3 flips so far, link up (linked)
rtt 9
rtt 6
rtt 10
rtt 7
rtt 9
rtt 16
rtt 19
rtt 17
rtt 39
rtt 9
rtt 16
rtt 9
rtt 16
rtt 39
rtt 9
rtt 16
rtt 19
rtt 37
rtt 29
rtt 10
rtt 36
rtt 19
rtt 7
desk: 3 flips so far, link up (linked)
rtt 9
rtt 7
rtt 19
rtt 48
rtt 39
rtt 19
rtt 29
rtt 18
rtt 10
rtt 9
rtt 7
rtt 18
rtt 39
rtt 48
rtt 19
rtt 17
rtt 39
rtt 20
rtt 18
rtt 29
desk: 3 flips so far, link up (linked)
rtt 16
rtt 9
rtt 19
rtt 50
rtt 18
rtt 17
rtt 39
rtt 9
rtt 24
rtt 22
rtt 12
rtt 22
rtt 8
rtt 18
rtt 27
rtt 26
rtt 19
rtt 29
rtt 37
rtt 29
rtt 109
desk: 3 flips so far, link up (linked)
rtt 18
rtt 30
rtt 16
rtt 29
rtt 19
rtt 9
rtt 29
rtt 17
rtt 29
rtt 17
rtt 29
rtt 19
rtt 7
rtt 19
rtt 37
rtt 29
rtt 49
rtt 18
rtt 30
rtt 17
rtt 19
rtt 29
desk: 3 flips so far, link up (linked)
rtt 9
rtt 7
rtt 10
rtt 9
rtt 18
rtt 15
rtt 10
rtt 28
rtt 29
rtt 17
rtt 19
rtt 40
rtt 9
rtt 7
rtt 9
rtt 29
rtt 19
rtt 10
rtt 16
rtt 19
rtt 29
desk: 3 flips so far, link up (linked)
rtt 19
rtt 37
rtt 9
rtt 10
rtt 18
rtt 27
rtt 39
rtt 9
rtt 18
rtt 39
rtt 8
rtt 28
rtt 30
rtt 19
rtt 9
rtt 19
rtt 40
rtt 9
rtt 18
rtt 27
rtt 30
desk: 3 flips so far, link up (linked)
rtt 9
rtt 18
rtt 20
rtt 27
rtt 18
rtt 15
rtt 30
rtt 29
rtt 16
rtt 10
rtt 46
rtt 9
rtt 27
rtt 29
rtt 16
rtt 10
rtt 9
rtt 17
rtt 39
rtt 17
rtt 29
rtt 26
desk: 3 flips so far, link up (linked)
rtt 29
rtt 7
rtt 9
rtt 27
rtt 8
rtt 17
rtt 8
rtt 19
rtt 17
rtt 30
rtt 6
rtt 19
rtt 29
rtt 38
rtt 9
rtt 16
rtt 49
rtt 19
rtt 27
rtt 69
rtt 17
rtt 29
desk: 3 flips so far, link up (linked)
rtt 30
rtt 18
rtt 9
rtt 8
rtt 18
rtt 30
rtt 19
rtt 18
rtt 97
rtt 10
rtt 16
rtt 29
rtt 19
rtt 17
rtt 51
rtt 5
rtt 7
rtt 12
rtt 5
rtt 18
rtt 25
rtt 20
rtt 109
rtt 9
desk: 3 flips so far, link up (linked)
rtt 7
rtt 8
rtt 19
rtt 46
rtt 18
rtt 27
rtt 10
rtt 18
rtt 17
rtt 29
rtt 37
rtt 29
rtt 19
rtt 17
rtt 10
rtt 18
rtt 20
rtt 29
rtt 17
rtt 29
rtt 26
rtt 29
rtt 20
desk: 3 flips so far, link up (linked)
rtt 38
rtt 19
rtt 8
rtt 19
rtt 38
rtt 19
rtt 29
rtt 37
rtt 20
rtt 39
rtt 18
rtt 49
rtt 18
rtt 48
rtt 17
rtt 20
rtt 17
rtt 8
rtt 9
rtt 46
rtt 9
rtt 29
rtt 27
desk: 3 flips so far, link up (linked)
rtt 29
rtt 18
rtt 28
rtt 19
rtt 18
rtt 21
rtt 46
rtt 29
rtt 19
rtt 17
rtt 19
rtt 27
rtt 30
rtt 19
rtt 16
rtt 39
rtt 7
rtt 19
rtt 39
rtt 16
rtt 29
rtt 28
rtt 8
desk: 3 flips so far, link up (linked)
rtt 29
rtt 38
rtt 18
rtt 27
rtt 29
rtt 18
rtt 39
rtt 9
rtt 16
rtt 19
rtt 40
rtt 19
rtt 48
rtt 17
rtt 19
rtt 37
rtt 28
rtt 20
rtt 8
rtt 18
rtt 27
rtt 30
rtt 9
rtt 19
desk: 3 flips so far, link up (linked)
rtt 18
rtt 27
rtt 20
rtt 28
rtt 18
rtt 19
rtt 27
rtt 9
rtt 10
rtt 18
rtt 9
rtt 47
rtt 9
rtt 20
rtt 9
rtt 6
rtt 19
rtt 10
rtt 38
rtt 19
rtt 7
rtt 19
rtt 40
desk: 3 flips so far, link up (linked)
rtt 19
rtt 18
rtt 7
rtt 39
rtt 10
rtt 19
rtt 16
rtt 39
rtt 20
rtt 28
rtt 40
rtt 16
rtt 39
rtt 20
rtt 10
rtt 29
rtt 37
rtt 10
rtt 21
rtt 28
rtt 15
rtt 16
desk: 3 flips so far, link up (linked)
rtt 19
rtt 39
rtt 8
rtt 18
rtt 9
rtt 29
rtt 30
rtt 29
rtt 8
rtt 7
rtt 8
rtt 10
rtt 9
rtt 18
rtt 27
rtt 19
rtt 40
rtt 9
rtt 7
rtt 18
rtt 19
rtt 29
rtt 9
desk: 3 flips so far, link up (linked)
rtt 17
rtt 19
rtt 30
rtt 28
rtt 27
rtt 9
rtt 29
rtt 38
rtt 9
rtt 18
rtt 28
rtt 17
rtt 37
rtt 19
rtt 9
rtt 17
rtt 29
rtt 7
rtt 19
desk: 3 flips so far, link up (linked)
rtt 8
rtt 17
rtt 8
rtt 19
rtt 37
rtt 19
rtt 37
rtt 29
rtt 19
rtt 27
rtt 29
rtt 37
rtt 29
rtt 38
rtt 10
rtt 29
rtt 47
rtt 19
rtt 10
rtt 49
rtt 18
desk: 3 flips so far, link up (linked)
rtt 7
rtt 48
rtt 19
rtt 39
rtt 28
rtt 38
rtt 58
rtt 27
rtt 19
rtt 9
rtt 17
rtt 29
rtt 37
rtt 19
rtt 27
rtt 29
rtt 18
rtt 29
rtt 20
rtt 8
rtt 19
rtt 17
rtt 19
desk: 3 flips so far, link up (linked)
rtt 29
rtt 9
rtt 19
rtt 9
rtt 10
rtt 18
rtt 19
rtt 37
rtt 29
rtt 40
rtt 9
rtt 28
rtt 37
rtt 19
rtt 49
rtt 10
rtt 19
rtt 27
rtt 19
rtt 9
rtt 29
rtt 28
desk: 3 flips so far, link up (linked)
rtt 9
rtt 18
rtt 28
rtt 19
rtt 9
rtt 8
rtt 6
rtt 9
rtt 10
rtt 9
rtt 8
rtt 17
rtt 18
rtt 51
rtt 18
rtt 29
rtt 7
rtt 10
rtt 6
rtt 9
rtt 10
desk: 3 flips so far, link up (linked)
rtt 22
rtt 18
rtt 26
rtt 41
rtt 29
rtt 9
rtt 37
rtt 6
rtt 10
rtt 19
rtt 28
rtt 19
rtt 27
rtt 39
rtt 29
rtt 19
rtt 29
rtt 27
rtt 49
rtt 10
rtt 8
rtt 10
rtt 16
desk: 3 flips so far, link up (linked)
rtt 9
rtt 29
rtt 9
rtt 17
rtt 19
rtt 27
rtt 9
rtt 7
rtt 9
rtt 27
rtt 9
rtt 29
rtt 28
rtt 9
rtt 47
rtt 18
rtt 19
rtt 37
rtt 19
rtt 6
rtt 10
rtt 9
desk: 3 flips so far, link up (linked)
rtt 16
rtt 49
rtt 26
rtt 19
rtt 50
rtt 16
rtt 19
rtt 16
rtt 19
rtt 10
rtt 26
rtt 39
rtt 18
rtt 39
rtt 26
rtt 29
rtt 27
rtt 10
rtt 8
rtt 6
rtt 9
rtt 27
rtt 19
desk: 3 flips so far, link up (linked)
rtt 17
rtt 50
rtt 16
rtt 10
rtt 50
rtt 26
rtt 19
rtt 17
rtt 29
rtt 18
rtt 29
rtt 27
rtt 29
rtt 20
rtt 7
rtt 28
rtt 38
rtt 18
rtt 10
rtt 36
rtt 19
desk: 3 flips so far, link up (linked)
rtt 8
rtt 18
rtt 50
rtt 48
rtt 20
rtt 48
rtt 18
rtt 39
rtt 18
rtt 28
rtt 27
rtt 19
rtt 10
rtt 9
rtt 6
rtt 29
rtt 19
rtt 10
rtt 26
rtt 29
rtt 30
rtt 48
desk: 3 flips so far, link up (linked)
rtt 19
rtt 27
rtt 19
rtt 29
rtt 9
rtt 27
rtt 19
rtt 39
rtt 29
rtt 7
rtt 19
rtt 20
rtt 18
rtt 28
rtt 17
rtt 39
rtt 20
rtt 29
rtt 18
rtt 27
rtt 39
rtt 10
desk: 3 flips so far, link up (linked)
rtt 18
rtt 40
rtt 17
rtt 40
rtt 19
rtt 20
rtt 31
rtt 11
rtt 33
rtt 8
rtt 16
rtt 10
rtt 8
rtt 19
rtt 29
rtt 17
rtt 9
rtt 19
rtt 9
rtt 19
rtt 27
desk: 3 flips so far, link up (linked)
rtt 19
rtt 10
rtt 9
rtt 17
rtt 49
rtt 10
rtt 18
rtt 50
rtt 7
rtt 28
rtt 19
rtt 30
rtt 28
rtt 18
rtt 17
rtt 49
rtt 19
rtt 27
rtt 19
rtt 17
rtt 19
rtt 30
desk: 3 flips so far, link up (linked)
rtt 7
rtt 9
rtt 18
rtt 51
rtt 18
rtt 29
rtt 9
rtt 17
rtt 19
rtt 20
rtt 38
rtt 9
rtt 8
rtt 9
rtt 19
rtt 29
rtt 16
rtt 9
rtt 10
rtt 9
rtt 18
rtt 28
rtt 8
desk: 3 flips so far, link up (linked)
rtt 10
rtt 8
rtt 28
rtt 27
rtt 19
rtt 7
rtt 9
rtt 29
rtt 27
rtt 9
rtt 7
rtt 19
rtt 29
rtt 17
rtt 18
rtt 17
rtt 39
rtt 10
rtt 19
rtt 18
rtt 28
rtt 18
rtt 10
desk: 3 flips so far, link up (linked)
rtt 9
rtt 10
rtt 18
rtt 30
rtt 8
rtt 27
rtt 19
rtt 30
rtt 8
rtt 9
rtt 16
rtt 20
rtt 40
rtt 19
rtt 39
rtt 17
rtt 30
rtt 46
rtt 9
rtt 19
rtt 7
rtt 49
desk: 3 flips so far, link up (linked)
desk: link down (socket closed)
desk: link connecting (socket closed)
desk: link down (Connection refused)
desk: link connecting (Connection refused)
desk: link down (Connection refused)
desk: link connecting (Connection refused)
desk: link reading the show (Connection refused)
desk: link ready (linked)
rtt 18
rtt 29
desk: 1 of 11 controls enabled against the master's console
rtt 35
rtt 6
rtt 19
rtt 20
rtt 26
desk: 11 flips so far, link up (linked)
rtt 9
rtt 6
rtt 19
rtt 29
rtt 48
rtt 8
rtt 6
rtt 9
rtt 19
rtt 29
rtt 16
rtt 38
rtt 28
rtt 47
rtt 8
rtt 5
rtt 18
rtt 19
rtt 29
rtt 8
rtt 18
desk: 11 flips so far, link up (linked)
rtt 9
rtt 49
rtt 20
rtt 16
rtt 29
rtt 20
rtt 18
rtt 28
rtt 7
rtt 19
rtt 10
rtt 28
rtt 39
rtt 17
rtt 19
rtt 39
rtt 19
rtt 9
rtt 27
rtt 30
rtt 27
rtt 29
rtt 9
rtt 16
desk: 11 flips so far, link up (linked)
rtt 8
rtt 7
rtt 8
rtt 29
rtt 37
rtt 9
rtt 16
rtt 11
rtt 18
rtt 16
rtt 49
rtt 27
rtt 39
rtt 19
rtt 37
rtt 19
rtt 17
rtt 39
rtt 17
rtt 10
rtt 16
rtt 39
desk: 11 flips so far, link up (linked)
rtt 19
rtt 17
rtt 29
rtt 16
rtt 19
rtt 27
rtt 28
rtt 8
rtt 9
rtt 16
rtt 9
rtt 16
rtt 29
rtt 19
rtt 17
rtt 29
rtt 28
rtt 20
rtt 30
rtt 19
rtt 9
rtt 16
desk: 11 flips so far, link up (linked)
rtt 39
rtt 10
rtt 28
rtt 50
rtt 7
rtt 18
rtt 9
rtt 29
rtt 39
rtt 36
rtt 9
rtt 19
rtt 27
rtt 9
rtt 10
rtt 8
rtt 29
rtt 17
rtt 19
rtt 29
rtt 10
desk: 11 flips so far, link up (linked)
rtt 16
rtt 29
rtt 20
rtt 18
rtt 19
rtt 27
rtt 8
rtt 10
rtt 9
rtt 19
rtt 16
rtt 29
rtt 19
rtt 29
rtt 30
rtt 16
rtt 10
rtt 9
rtt 10
rtt 28
rtt 27
rtt 19
rtt 20
rtt 48
desk: 11 flips so far, link up (linked)
rtt 10
rtt 16
rtt 29
rtt 19
rtt 18
rtt 37
rtt 19
rtt 27
rtt 39
rtt 19
rtt 36
rtt 19
rtt 17
rtt 19
rtt 21
rtt 51
rtt 34
rtt 18
rtt 8
rtt 10
rtt 18
desk: 11 flips so far, link up (linked)
rtt 26
rtt 20
rtt 19
rtt 18
rtt 70
rtt 10
rtt 19
rtt 26
rtt 29
rtt 19
rtt 46
rtt 19
rtt 17
rtt 19
rtt 30
rtt 16
rtt 9
rtt 28
rtt 40
rtt 20
rtt 9
rtt 38
rtt 17
desk: 11 flips so far, link up (linked)
rtt 29
rtt 50
rtt 18
rtt 29
rtt 17
rtt 19
rtt 9
rtt 38
rtt 7
rtt 29
rtt 51
rtt 17
rtt 49
rtt 17
rtt 39
rtt 7
rtt 29
rtt 17
rtt 49
rtt 27
rtt 39
rtt 19
desk: 11 flips so far, link up (linked)
rtt 37
rtt 19
rtt 26
rtt 19
rtt 20
rtt 26
rtt 29
rtt 9
rtt 7
rtt 9
rtt 10
rtt 18
rtt 19
rtt 7
rtt 19
rtt 40
rtt 8
rtt 26
desk: 11 flips so far, link up (linked)
rtt 9
rtt 30
rtt 8
rtt 9
rtt 17
rtt 19
rtt 9
rtt 29
rtt 17
rtt 20
rtt 39
rtt 18
rtt 29
rtt 27
rtt 19
rtt 10
rtt 18
rtt 17
rtt 29
rtt 19
rtt 9
desk: 11 flips so far, link up (linked)
rtt 37
rtt 19
rtt 9
rtt 15
rtt 29
rtt 20
rtt 28
rtt 39
rtt 17
rtt 19
rtt 39
rtt 29
rtt 40
rtt 26
rtt 29
rtt 6
rtt 29
rtt 39
rtt 29
rtt 39
rtt 17
rtt 28
desk: 11 flips so far, link up (linked)
rtt 17
rtt 19
rtt 9
rtt 27
rtt 39
rtt 16
rtt 29
rtt 30
rtt 8
rtt 10
rtt 7
rtt 28
rtt 29
rtt 19
rtt 9
rtt 17
rtt 10
rtt 18
rtt 30
rtt 17
rtt 61
rtt 42
desk: 11 flips so far, link up (linked)
rtt 17
rtt 9
rtt 38
rtt 9
rtt 8
rtt 28
rtt 41
rtt 16
rtt 29
rtt 10
rtt 18
rtt 10
rtt 16
rtt 20
rtt 28
rtt 39
rtt 29
rtt 46
rtt 19
rtt 30
rtt 28
rtt 7
rtt 19
desk: 11 flips so far, link up (linked)
rtt 29
rtt 9
rtt 19
rtt 17
rtt 50
rtt 8
rtt 10
rtt 18
rtt 37
rtt 29
rtt 30
rtt 19
rtt 16
rtt 40
rtt 29
rtt 39
rtt 8
rtt 16
rtt 39
rtt 10
rtt 18
rtt 39
rtt 7
desk: 11 flips so far, link up (linked)
rtt 9
rtt 19
rtt 20
rtt 18
rtt 29
rtt 39
rtt 17
rtt 29
rtt 17
rtt 19
rtt 27
rtt 19
rtt 29
rtt 38
rtt 18
rtt 15
rtt 30
rtt 9
rtt 20
rtt 28
rtt 36
rtt 9
desk: 11 flips so far, link up (linked)
rtt 20
rtt 38
rtt 20
rtt 27
rtt 29
rtt 8
rtt 29
rtt 19
rtt 28
rtt 9
rtt 19
rtt 10
rtt 38
rtt 7
rtt 19
rtt 29
rtt 19
rtt 30
rtt 16
rtt 19
rtt 10
rtt 9
rtt 19
rtt 36
desk: 11 flips so far, link up (linked)
rtt 9
rtt 18
rtt 29
rtt 30
rtt 19
rtt 10
rtt 28
rtt 50
rtt 16
rtt 29
rtt 19
rtt 10
rtt 18
rtt 27
rtt 30
rtt 16
rtt 20
rtt 29
rtt 16
rtt 9
rtt 27
rtt 39
rtt 9
desk: 11 flips so far, link up (linked)
rtt 16
rtt 29
rtt 16
rtt 19
rtt 18
rtt 27
rtt 39
rtt 8
rtt 9
rtt 7
rtt 19
rtt 17
rtt 19
rtt 9
rtt 7
rtt 19
rtt 8
rtt 19
rtt 17
rtt 29
rtt 17
rtt 9
desk: 11 flips so far, link up (linked)
rtt 18
rtt 17
rtt 39
rtt 36
rtt 30
rtt 19
rtt 45
rtt 8
rtt 15
rtt 39
rtt 10
rtt 28
rtt 30
rtt 7
rtt 9
rtt 18
rtt 29
rtt 8
rtt 18
rtt 10
rtt 18
rtt 19
desk: 11 flips so far, link up (linked)
rtt 38
rtt 9
rtt 28
rtt 17
rtt 47
rtt 19
rtt 39
rtt 19
rtt 9
rtt 27
rtt 29
rtt 10
rtt 28
rtt 30
rtt 6
rtt 8
rtt 10
rtt 9
rtt 8
rtt 18
rtt 49
rtt 19
desk: 11 flips so far, link up (linked)
rtt 39
rtt 16
rtt 19
rtt 37
rtt 9
rtt 26
rtt 19
rtt 16
rtt 10
rtt 8
rtt 7
rtt 19
rtt 47
rtt 19
rtt 9
rtt 26
rtt 20
rtt 8
rtt 18
rtt 20
rtt 18
rtt 20
rtt 36
desk: 11 flips so far, link up (linked)
rtt 29
rtt 50
rtt 8
rtt 29
rtt 27
rtt 29
rtt 17
rtt 19
rtt 49
rtt 17
rtt 40
rtt 17
rtt 18
rtt 29
rtt 7
rtt 28
rtt 17
rtt 19
rtt 10
rtt 18
rtt 39
rtt 27
rtt 49
desk: 11 flips so far, link up (linked)
rtt 20
rtt 38
rtt 29
rtt 19
rtt 150
rtt 16
rtt 29
rtt 10
rtt 18
rtt 29
rtt 27
rtt 9
rtt 29
rtt 40
rtt 18
rtt 17
rtt 39
rtt 11
rtt 27
rtt 39
desk: 11 flips so far, link up (linked)
rtt 27
rtt 29
rtt 10
rtt 18
rtt 28
rtt 8
rtt 48
rtt 10
rtt 18
rtt 39
rtt 27
rtt 29
rtt 19
rtt 37
rtt 259
rtt 30
rtt 18
rtt 19
rtt 8
rtt 28
rtt 19
desk: 11 flips so far, link up (linked)
rtt 319
rtt 20
rtt 30
rtt 18
rtt 10
rtt 8
rtt 7
rtt 9
rtt 40
rtt 19
rtt 16
rtt 39
rtt 9
rtt 28
rtt 18
rtt 33
rtt 3
rtt 20
rtt 59
rtt 18
rtt 17
rtt 29
rtt 9
desk: 11 flips so far, link up (linked)
rtt 19
rtt 9
rtt 7
rtt 8
rtt 10
rtt 18
rtt 50
rtt 16
rtt 29
rtt 10
rtt 19
rtt 9
rtt 17
rtt 8
rtt 10
rtt 18
rtt 50
rtt 16
rtt 29
rtt 17
rtt 19
rtt 29
rtt 27
rtt 8
desk: 11 flips so far, link up (linked)
rtt 17
rtt 19
rtt 30
rtt 17
rtt 30
rtt 28
rtt 18
rtt 29
rtt 27
rtt 29
rtt 28
rtt 10
rtt 46
rtt 10
rtt 17
rtt 29
rtt 16
rtt 19
rtt 27
rtt 29
rtt 49
desk: 11 flips so far, link up (linked)
rtt 6
rtt 19
rtt 27
rtt 39
rtt 29
rtt 40
rtt 19
rtt 7
rtt 18
rtt 39
rtt 19
rtt 9
rtt 27
rtt 30
rtt 9
rtt 8
rtt 19
rtt 7
rtt 19
rtt 39
rtt 19
rtt 28
rtt 19
desk: 11 flips so far, link up (linked)
rtt 9
rtt 18
rtt 40
rtt 16
rtt 10
rtt 16
rtt 49
rtt 19
rtt 37
rtt 19
rtt 16
rtt 29
rtt 9
rtt 7
rtt 19
rtt 5
rtt 10
rtt 9
rtt 7
rtt 9
rtt 17
rtt 9
rtt 18
rtt 27
desk: 11 flips so far, link up (linked)
rtt 29
rtt 27
rtt 30
rtt 19
rtt 8
rtt 17
rtt 48
rtt 9
rtt 17
rtt 39
rtt 7
rtt 9
rtt 19
rtt 18
rtt 51
rtt 16
rtt 39
rtt 10
rtt 28
rtt 39
rtt 26
rtt 39
desk: 11 flips so far, link up (linked)
rtt 20
rtt 18
rtt 39
rtt 16
rtt 40
rtt 49
rtt 19
rtt 29
rtt 27
rtt 19
rtt 29
rtt 38
rtt 10
rtt 16
rtt 30
rtt 7
rtt 9
rtt 12
rtt 31
rtt 19
rtt 17
rtt 28
rtt 29
rtt 37
desk: 11 flips so far, link up (linked)
rtt 10
rtt 7
rtt 29
rtt 9
rtt 7
rtt 29
rtt 47
rtt 29
rtt 39
rtt 17
rtt 39
rtt 7
rtt 19
rtt 20
rtt 17
rtt 11
rtt 36
rtt 29
rtt 9
rtt 17
rtt 29
desk: 11 flips so far, link up (linked)
rtt 40
rtt 18
rtt 29
rtt 17
rtt 19
rtt 28
rtt 18
rtt 9
rtt 8
rtt 9
rtt 7
rtt 19
rtt 36
rtt 19
rtt 37
rtt 19
rtt 16
rtt 49
rtt 19
rtt 37
desk: 11 flips so far, link up (linked)
rtt 8
rtt 17
rtt 9
rtt 10
rtt 6
rtt 19
rtt 47
rtt 19
rtt 28
rtt 47
rtt 19
rtt 9
rtt 8
rtt 10
rtt 16
rtt 19
rtt 30
rtt 26
rtt 49
rtt 16
rtt 39
rtt 19
desk: 11 flips so far, link up (linked)
rtt 17
rtt 20
rtt 6
rtt 10
rtt 18
rtt 27
rtt 19
rtt 17
rtt 19
rtt 39
rtt 16
rtt 49
rtt 17
rtt 9
rtt 17
rtt 39
rtt 7
rtt 8
rtt 10
rtt 26
rtt 39
rtt 27
rtt 39
desk: 11 flips so far, link up (linked)
