-0x000000008fffffff]
[    0.000000]   HighMem  [mem 0x0000000090000000-0x000000009fffffff]
[    0.000000] Movable zone start for each node
[    0.000000] Early memory node ranges
[    0.000000]   node   0: [mem 0x0000000060000000-0x00000000683fffff]
[    0.000000]   node   0: [mem 0x0000000069200000-0x000000009dbfffff]
[    0.000000]   node   0: [mem 0x000000009dc00000-0x000000009de57fff]
[    0.000000]   node   0: [mem 0x000000009de58000-0x000000009fffffff]
[    0.000000] Initmem setup node 0 [mem 0x0000000060000000-0x000000009fffffff]
[    0.000000] On node 0, zone Normal: 1536 pages in unavailable ranges
[    0.000000] percpu: Embedded 17 pages/cpu s40460 r8192 d20980 u69632
[    0.000000] pcpu-alloc: s40460 r8192 d20980 u69632 alloc=17*4096
[    0.000000] pcpu-alloc: [0] 0 [0] 1 [0] 2 [0] 3 
[    0.000000] Kernel command line: console=ttyFIQ0 androidboot.baseband=N/A androidboot.veritymode=enforcing androidboot.hardware=rk30board androidboot.console=ttyFIQ0 init=/init  mtdparts=rk29xxnand:0x00002000@0x00000000(parameter),0x00002000@0x00002000(uboot),0x00002000@0x00004000(trust),0x00002000@0x00006000(misc),0x00008000@0x00008000(resource),0x00010000@0x00010000(kernel),0x00010000@0x00020000(boot),0x00020000@0x00030000(recovery),0x00038000@0x00050000(backup),0x00002000@0x00088000(security),0x0080000@0x0008a000(cache),0x00300000@0x0010a000(system),0x00008000@0x0040a000(metadata),0x00060000@0x00412000(vendor),0x00030000@0x00472000(oem),0x00000400@0x004a2000(frp),-@0x004a2400(userdata) storagemedia=emmc androidboot.deviceid=CPTP_RK3126_TAQ-102_A01 uboot_logo=0x02000000@0x9dc00000 loader.timestamp=2021-05-17_10:08:05 adc.incre=0 SecureBootCheckOk=0 console=tty0 console=ttyGS0 ignore_loglevel consoleblank=0 nosmp fw_devlink=off blkdevparts=mmcblk1:-@0x94880000(data)
[    0.000000] Unknown kernel command line parameters "storagemedia=emmc uboot_logo=0x02000000@0x9dc00000 SecureBootCheckOk=0", will be passed to user space.
[    0.000000] printk: log buffer data + meta data: 131072 + 409600 = 540672 bytes
[    0.000000] Dentry cache hash table entries: 131072 (order: 7, 524288 bytes, linear)
[    0.000000] Inode-cache hash table entries: 65536 (order: 6, 262144 bytes, linear)
[    0.000000] Built 1 zonelists, mobility grouping on.  Total pages: 258560
[    0.000000] mem auto-init: stack:all(zero), heap alloc:off, heap free:off
[    0.000000] SLUB: HWalign=64, Order=0-3, MinObjects=0, CPUs=4, Nodes=1
[    0.000000] rcu: Hierarchical RCU implementation.
[    0.000000] rcu: 	RCU event tracing is enabled.
[    0.000000] rcu: 	RCU restricting CPUs from NR_CPUS=16 to nr_cpu_ids=4.
[    0.000000] rcu: RCU calculated value of scheduler-enlistment delay is 10 jiffies.
[    0.000000] rcu: Adjusting geometry for rcu_fanout_leaf=16, nr_cpu_ids=4
[    0.000000] NR_IRQS: 16, nr_irqs: 16, preallocated irqs: 16
[    0.000000] rcu: srcu_init: Setting srcu_struct sizes based on contention.
[    0.000000] clocksource: jiffies: mask: 0xffffffff max_cycles: 0xffffffff, max_idle_ns: 19112604462750000 ns
[    0.000000] arch_timer: cp15 timer running at 24.00MHz (sec-phys).
[    0.000000] clocksource: arch_sys_counter: mask: 0xffffffffffffff max_cycles: 0x588fe9dc0, max_idle_ns: 440795202592 ns
[    0.000004] sched_clock: 56 bits at 24MHz, resolution 41ns, wraps every 4398046511097ns
[    0.000046] Switching to timer-based delay loop, resolution 41ns
[    0.003346] clocksource: rk_timer: mask: 0xffffffff max_cycles: 0xffffffff, max_idle_ns: 79635851949 ns
[    0.003410] sched_clock: 32 bits at 24MHz, resolution 41ns, wraps every 89478484971ns
[    0.003536] Too many timer definitions for 'rk_timer'
[    0.003551] Failed to initialize '/timer@20044040': -22
[    0.003692] Too many timer definitions for 'rk_timer'
[    0.003706] Failed to initialize '/timer@20044060': -22
[    0.003830] Too many timer definitions for 'rk_timer'
[    0.003843] Failed to initialize '/timer@20044080': -22
[    0.003966] Too many timer definitions for 'rk_timer'
[    0.003980] Failed to initialize '/timer@200440a0': -22
[    0.007583] Console: colour dummy device 80x30
[    0.007645] printk: legacy console [tty0] enabled
[    0.010628] Calibrating delay loop (skipped), value calculated using timer frequency.. 48.00 BogoMIPS (lpj=240000)
[    0.010767] CPU: Testing write buffer coherency: ok
[    0.010987] pid_max: default: 32768 minimum: 301
[    0.011874] Mount-cache hash table entries: 2048 (order: 1, 8192 bytes, linear)
[    0.012023] Mountpoint-cache hash table entries: 2048 (order: 1, 8192 bytes, linear)
[    0.013284] VFS: Finished mounting rootfs on nullfs
[    0.015482] /cpus/cpu@f00 missing clock-frequency property
[    0.015671] /cpus/cpu@f01 missing clock-frequency property
[    0.015795] /cpus/cpu@f02 missing clock-frequency property
[    0.015916] /cpus/cpu@f03 missing clock-frequency property
[    0.016007] CPU0: thread -1, cpu 0, socket 15, mpidr 80000f00
[    0.021400] Setting up static identity map for 0x60100000 - 0x60100060
[    0.022153] rcu: Hierarchical SRCU implementation.
[    0.022241] rcu: 	Max phase no-delay instances is 1000.
[    0.023515] Timer migration: 1 hierarchy levels; 8 children per group; 1 crossnode level
[    0.025375] smp: Bringing up secondary CPUs ...
[    0.025473] smp: Brought up 1 node, 1 CPU
[    0.025543] SMP: Total of 1 processors activated (48.00 BogoMIPS).
[    0.025618] CPU: All CPU(s) started in SVC mode.
[    0.027108] Memory: 954776K/1034240K available (16384K kernel code, 1810K rwdata, 4788K rodata, 1024K init, 277K bss, 51796K reserved, 24576K cma-reserved, 235168K highmem)
[    0.028592] devtmpfs: initialized
[    0.050815] VFP support v0.3: implementor 41 architecture 2 part 30 variant 7 rev 5
[    0.051755] posixtimers hash table entries: 2048 (order: 2, 16384 bytes, linear)
[    0.052075] futex hash table entries: 1024 (65536 bytes on 1 NUMA nodes, total 64 KiB, linear).
[    0.058464] NET: Registered PF_NETLINK/PF_ROUTE protocol family
[    0.061141] DMA: preallocated 256 KiB pool for atomic coherent allocations
[    0.070665] thermal_sys: Registered thermal governor 'step_wise'
[    0.070973] cpuidle: using governor menu
[    0.072346] hw-breakpoint: found 5 (+1 reserved) breakpoint and 4 watchpoint registers.
[    0.072466] hw-breakpoint: maximum watchpoint size is 8 bytes.
[    0.073539] Serial: AMBA PL011 UART driver
[    0.076215] pstore: Using crash dump compression: deflate
[    0.076332] printk: legacy console [ramoops-1] enabled
[    0.078622] pstore: Registered ramoops as persistent store backend
[    0.078744] ramoops: using 0xf0000@0x68100000, ecc: 0
[    0.118883] rockchip-gpio 2007c000.gpio: probed /pinctrl/gpio@2007c000
[    0.121196] rockchip-gpio 20080000.gpio: probed /pinctrl/gpio@20080000
[    0.123455] rockchip-gpio 20084000.gpio: probed /pinctrl/gpio@20084000
[    0.125529] rockchip-gpio 20088000.gpio: probed /pinctrl/gpio@20088000
[    0.182920] iommu: Default domain type: Translated
[    0.183064] iommu: DMA domain TLB invalidation policy: strict mode
[    0.195542] SCSI subsystem initialized
[    0.196446] libata version 3.00 loaded.
[    0.197491] usbcore: registered new interface driver usbfs
[    0.
[missed 5144 bytes]
[    3.308432] input: rk805 pwrkey as /devices/platform/2005a000.i2c/i2c-2/2-001a/rk805-pwrkey.3.auto/input/input0
[    3.369996] rk808-rtc rk808-rtc.4.auto: registered as rtc0
[    3.378911] rk808-rtc rk808-rtc.4.auto: setting system clock to 2026-09-08T22:36:11 UTC (1788906971)
[    3.568171] rk816-charger rk816-charger.6.auto: restored 100% from the last boot
[    3.661319] dwmmc_rockchip 10218000.mmc: Using external DMA controller.
[    3.685941] dwmmc_rockchip 10218000.mmc: Version ID is 270a
[    3.692206] dwmmc_rockchip 10218000.mmc: DW MMC controller at irq 60,32 bit host data width,256 deep fifo
[    3.702174] usbcore: registered new interface driver usbhid
[    3.708707] usbhid: USB HID core driver
[    3.727595] dwmmc_rockchip 1021c000.mmc: Using external DMA controller.
[    3.734272] dwmmc_rockchip 1021c000.mmc: Version ID is 270a
[    3.741233] dwmmc_rockchip 10218000.mmc: allocated mmc-pwrseq
[    3.747661] mmc_host mmc2: card is non-removable.
[    3.774649] dwmmc_rockchip
[missed 1507 bytes]
[    7.380236]  mmcblk1: p1(data)
[    7.408216] mmcblk1boot0: mmc1:0001 Origin 4.00 MiB
[    7.556585] mmcblk1boot1: mmc1:0001 Origin 4.00 MiB
[    7.596210] mmcblk1rpmb: mmc1:0001 Origin 4.00 MiB, chardev (238:0)
[    8.635178] random: crng init done
[    8.843160] Freeing initrd memory: 13456K
[    8.985913] rtw88_8723cs mmc2:0001:1: Firmware version 11.0.0, H2C version 0
[    8.994552] rtw88_8723cs mmc2:0001:1: WOW Firmware version 11.0.0, H2C version 0
[    9.094179] Loaded X.509 cert 'sforshee: 00b28ddf47aef9cea7'
[    9.151702] Loaded X.509 cert 'wens: 61c038651aabdcf94bd0ac7ff06c7248db18c600'
[    9.175386] faux_driver regulatory: Direct firmware load for regulatory.db failed with error -2
[    9.183738] cfg80211: failed to load regulatory.db
[    9.696529] rtw88_8723cs mmc2:0001:1: failed to poll offset=0x6 mask=0x2 value=0x2
[    9.705170] rtw88_8723cs mmc2:0001:1: mac power on failed
[    9.713215] rtw88_8723cs mmc2:0001:1: failed to power on mac
[    9.721096] rtw88_8723cs mmc2:0001:1: failed to setup chip efuse info
[    9.728859] rtw88_8723cs mmc2:0001:1: failed to setup chip information
[    9.737126] rtw88_8723cs mmc2:0001:1: probe with driver rtw88_8723cs failed with error -16
[   11.233542] clk: Disabling unused clocks
[   11.241851] PM: genpd: Disabling unused power domains
[   11.256085] Freeing unused kernel image (initmem) memory: 1024K
[   11.264740] Run /init as init process
[   11.272021]   with arguments:
[   11.279101]     /init
[   11.286046]   with environment:
[   11.292914]     HOME=/
[   11.299756]     TERM=linux
[   11.306529]     storagemedia=emmc
[   11.313247]     uboot_logo=0x02000000@0x9dc00000
[   11.320087]     SecureBootCheckOk=0
[   11.462497] taq102-initramfs 20260908-030330-f001466: init running
[   11.486403] taq102-initramfs 20260908-030330-f001466: diagnostic image, kernel owns the USB console
[   11.495595] taq102-initramfs 20260908-030330-f001466: NO gadget -- no console will appear
[   11.583107] taq102-display: no PHY module for 7.3.0-rc2-g28924df2a08f-dirty; the kernel must carry the driver itself
[   11.644668] taq102-initramfs 20260908-030330-f001466: backlight 255 of 255
[   11.719294] taq102-initramfs 20260908-030330-f001466: rescued a previous ramoops from 0x68100000
[   12.199336] EXT4-fs (mmcblk1p1): recovery complete
[   12.208003] EXT4-fs (mmcblk1p1): mounted filesystem 056c3b81-6827-4622-972a-5b2f34e489ab r/w with ordered data mode. Quota mode: disabled.
[   12.225564] taq102-initramfs 20260908-030330-f001466: /data mounted from /dev/mmcblk1p1
[   12.287668] taq102-initramfs 20260908-030330-f001466: MAINLINE-USERSPACE-REACHED handing over to init
taq102-initramfs 20260908-030330-f001466: MAINLINE-USERSPACE-REACHED
taq102-initramfs 20260908-030330-f001466: MAINLINE-USERSPACE-REACHED
mount: mounting devpts on /dev/pts failed: No such file or directory
mount: mounting tmpfs on /dev/shm failed: No such file or directory
taq102-cube: insmod phy-rockchip-inno-dsidphy
[   12.451018] taq102-cube: insmod phy-rockchip-inno-dsidphy
^M
TAQ-102 rescue image
^Mtaq102 login: taq102-cube: ok phy-rockchip-inno-dsidphy
[   12.606308] taq102-cube: ok phy-rockchip-inno-dsidphy
[   12.618299] Console: switching to colour dummy device 80x30
[   12.635647] rockchip-drm display-subsystem: bound 1010e000.vop (ops 0xc11df848)
[   12.636099] rockchip-drm display-subsystem: bound lvds (ops 0xc11e37e4)
[   12.637049] rockchip-drm display-subsystem: [drm] [PLANE:35:plane-0] pixel format with alpha exposed but blend mode not setup. Please fix.
[   12.637245] rockchip-drm display-subsystem: [drm] [PLANE:37:plane-1] pixel format with alpha exposed but blend mode not setup. Please fix.
[   12.638927] [drm] Initialized rockchip 1.0.0 for display-subsystem on minor 0
[   12.780374] taq102-ssh: dropbear listening on 22
[   12.811528] Console: switching to colour frame buffer device 128x37
[   12.887392] rockchip-drm display-subsystem: [drm] fb0: rockchipdrmfb frame buffer device
taq102-cube: LVDS-1 is connected, modes: 1024x600 
[   13.800784] taq102-cube: LVDS-1 is connected, modes: 1024x600 
taq102-cube: insmod drm_shmem_helper
[   13.802503] taq102-cube: insmod drm_shmem_helper
taq102-cube: ok drm_shmem_helper
taq102-cube: insmod gpu-sched
[   13.844250] taq102-cube: ok drm_shmem_helper
[   13.845955] taq102-cube: insmod gpu-sched
taq102-cube: ok gpu-sched
[   13.890209] taq102-cube: ok gpu-sched
taq102-cube: insmod lima
[   13.899431] taq102-cube: insmod lima
[   13.942453] lima 10090000.gpu: gp - mali400 version major 1 minor 1
[   13.958759] lima 10090000.gpu: pp0 - mali400 version major 1 minor 1
[   13.975684] lima 10090000.gpu: pp1 - mali400 version major 1 minor 1
[   13.999866] lima 10090000.gpu: l2_cache0 64K, 4-way, 64byte cache line, 64bit external bus
[   14.010792] lima 10090000.gpu: bus rate = 148500000
[   14.018913] lima 10090000.gpu: mod rate = 148500000
[   14.034714] lima 10090000.gpu: error -ENODEV: _opp_set_regulators: no regulator (mali) found
[   14.046796] [drm] Initialized lima 1.1.0 for 10090000.gpu on minor 1
taq102-cube: ok lima
[   14.085673] taq102-cube: ok lima
taq102-cube: render node up: card0 card1 renderD128 
[   14.143400] taq102-cube: render node up: card0 card1 renderD128 
open: No such file or directory
open: No such file or directory
[   14.263192] Console: switching to colour dummy device 80x30
[   14.264124] taq102-app: fbcon unbound from /sys/class/vtconsole/vtcon1
[   14.265634] taq102-app: starting /usr/bin/glcube (attempt 1)
/usr/sbin/taq102-wifi: line 45: can't create /sys/class/rkwifi/driver: nonexistent directory
/usr/sbin/taq102-wifi: line 46: can't create /sys/class/rkwifi/power: nonexistent directory
/usr/sbin/taq102-wifi: line 48: can't create /sys/class/rkwifi/power: nonexistent directory
/usr/sbin/taq102-wifi: line 49: can't create /sys/class/rkwifi/driver: nonexistent directory
[   33.859643] taq102-wifi: no wlan0. The chip needs power removed -- a full power-off, not a reboot.
8723cs did not give us wlan0
^M
TAQ-102 rescue image
^Mtaq102 login: root
login[95]: root login on 'ttyGS0'^M
# echo ===AUTO===; ps | grep -c "[g]lcube"; ls /dev/dri; dmesg | grep -E "taq102^M
-cube|taq102-app|lima 1|Initialized" | tail -12; tail -3 /data/log/taq102-app.lo^M
g 2>/dev/null || tail -3 /tmp/taq102-app.log
===AUTO===
1
card0       card1       renderD128
[   13.942453] lima 10090000.gpu: gp - mali400 version major 1 minor 1
[   13.958759] lima 10090000.gpu: pp0 - mali400 version major 1 minor 1
[   13.975684] lima 10090000.gpu: pp1 - mali400 version major 1 minor 1
[   13.999866] lima 10090000.gpu: l2_cache0 64K, 4-way, 64byte cache line, 64bit external bus
[   14.010792] lima 10090000.gpu: bus rate = 148500000
[   14.018913] lima 10090000.gpu: mod rate = 148500000
[   14.034714] lima 10090000.gpu: error -ENODEV: _opp_set_regulators: no regulator (mali) found
[   14.046796] [drm] Initialized lima 1.1.0 for 10090000.gpu on minor 1
[   14.085673] taq102-cube: ok lima
[   14.143400] taq102-cube: render node up: card0 card1 renderD128 
[   14.264124] taq102-app: fbcon unbound from /sys/class/vtconsole/vtcon1
[   14.265634] taq102-app: starting /usr/bin/glcube (attempt 1)
51.8 FPS
52.8 FPS
52.8 FPS
# [   87.525104] [drm:lima_sched_timedout_job [lima]] *ERROR* pp0 job timeout
[   87.525420] lima 10090000.gpu: pp0 task error 0 int_state=0 status=5
[   87.525897] lima 10090000.gpu: pp0 bus stop timeout
[   87.526034] lima 10090000.gpu: pp1 task error 1 int_state=0 status=0
[   87.527528] lima 10090000.gpu: ppmmu0 command 2 timeout
[   97.765072] [drm:lima_sched_timedout_job [lima]] *ERROR* pp0 job timeout
[   97.765380] lima 10090000.gpu: pp0 task error 0 int_state=0 status=5
[   97.765768] lima 10090000.gpu: pp0 bus stop timeout
[   97.765902] lima 10090000.gpu: pp1 task error 1 int_state=0 status=0
[   97.767254] lima 10090000.gpu: ppmmu0 command 2 timeout
