-0x000000008fffffff]
[    0.000000]   HighMem  [mem 0x0000000090000000-0x000000009fffffff]
[    0.000000] Movable zone start for each node
[    0.000000] Early memory node ranges
[    0.000000]   node   0: [mem 0x0000000060000000-0x00000000683fffff]
[    0.000000]   node   0: [mem 0x0000000069200000-0x000000009dbfffff]
[    0.000000]   node   0: [mem 0x000000009dc00000-0x000000009de57fff]
[    0.000000]   node   0: [mem 0x000000009de58000-0x000000009fffffff]
[    0.000000] Initmem setup node 0 [mem 0x0000000060000000-0x000000009fffffff]
[    0.000000] On node 0, zone Normal: 1536 pages in unavailable ranges
[    0.000000] percpu: Embedded 17 pages/cpu s40460 r8192 d20980 u69632
[    0.000000] pcpu-alloc: s40460 r8192 d20980 u69632 alloc=17*4096
[    0.000000] pcpu-alloc: [0] 0 [0] 1 [0] 2 [0] 3 
[    0.000000] Kernel command line: console=ttyFIQ0 androidboot.baseband=N/A androidboot.veritymode=enforcing androidboot.hardware=rk30board androidboot.console=ttyFIQ0 init=/init  mtdparts=rk29xxnand:0x00002000@0x00000000(parameter),0x00002000@0x00002000(uboot),0x00002000@0x00004000(trust),0x00002000@0x00006000(misc),0x00008000@0x00008000(resource),0x00010000@0x00010000(kernel),0x00010000@0x00020000(boot),0x00020000@0x00030000(recovery),0x00038000@0x00050000(backup),0x00002000@0x00088000(security),0x0080000@0x0008a000(cache),0x00300000@0x0010a000(system),0x00008000@0x0040a000(metadata),0x00060000@0x00412000(vendor),0x00030000@0x00472000(oem),0x00000400@0x004a2000(frp),-@0x004a2400(userdata) storagemedia=emmc androidboot.deviceid=CPTP_RK3126_TAQ-102_A01 uboot_logo=0x02000000@0x9dc00000 loader.timestamp=2021-05-17_10:08:05 adc.incre=0 SecureBootCheckOk=0 console=tty0 console=ttyGS0 ignore_loglevel consoleblank=0 nosmp fw_devlink=off blkdevparts=mmcblk1:-@0x94880000(data)
[    0.000000] Unknown kernel command line parameters "storagemedia=emmc uboot_logo=0x02000000@0x9dc00000 SecureBootCheckOk=0", will be passed to user space.
[    0.000000] printk: log buffer data + meta data: 131072 + 409600 = 540672 bytes
[    0.000000] Dentry cache hash table entries: 131072 (order: 7, 524288 bytes, linear)
[    0.000000] Inode-cache hash table entries: 65536 (order: 6, 262144 bytes, linear)
[    0.000000] Built 1 zonelists, mobility grouping on.  Total pages: 258560
[    0.000000] mem auto-init: stack:all(zero), heap alloc:off, heap free:off
[    0.000000] SLUB: HWalign=64, Order=0-3, MinObjects=0, CPUs=4, Nodes=1
[    0.000000] rcu: Hierarchical RCU implementation.
[    0.000000] rcu: 	RCU event tracing is enabled.
[    0.000000] rcu: 	RCU restricting CPUs from NR_CPUS=16 to nr_cpu_ids=4.
[    0.000000] rcu: RCU calculated value of scheduler-enlistment delay is 10 jiffies.
[    0.000000] rcu: Adjusting geometry for rcu_fanout_leaf=16, nr_cpu_ids=4
[    0.000000] NR_IRQS: 16, nr_irqs: 16, preallocated irqs: 16
[    0.000000] rcu: srcu_init: Setting srcu_struct sizes based on contention.
[    0.000000] clocksource: jiffies: mask: 0xffffffff max_cycles: 0xffffffff, max_idle_ns: 19112604462750000 ns
[    0.000000] arch_timer: cp15 timer running at 24.00MHz (sec-phys).
[    0.000000] clocksource: arch_sys_counter: mask: 0xffffffffffffff max_cycles: 0x588fe9dc0, max_idle_ns: 440795202592 ns
[    0.000004] sched_clock: 56 bits at 24MHz, resolution 41ns, wraps every 4398046511097ns
[    0.000047] Switching to timer-based delay loop, resolution 41ns
[    0.003350] clocksource: rk_timer: mask: 0xffffffff max_cycles: 0xffffffff, max_idle_ns: 79635851949 ns
[    0.003416] sched_clock: 32 bits at 24MHz, resolution 41ns, wraps every 89478484971ns
[    0.003542] Too many timer definitions for 'rk_timer'
[    0.003557] Failed to initialize '/timer@20044040': -22
[    0.003696] Too many timer definitions for 'rk_timer'
[    0.003710] Failed to initialize '/timer@20044060': -22
[    0.003833] Too many timer definitions for 'rk_timer'
[    0.003846] Failed to initialize '/timer@20044080': -22
[    0.003969] Too many timer definitions for 'rk_timer'
[    0.003983] Failed to initialize '/timer@200440a0': -22
[    0.007580] Console: colour dummy device 80x30
[    0.007645] printk: legacy console [tty0] enabled
[    0.010607] Calibrating delay loop (skipped), value calculated using timer frequency.. 48.00 BogoMIPS (lpj=240000)
[    0.010743] CPU: Testing write buffer coherency: ok
[    0.010961] pid_max: default: 32768 minimum: 301
[    0.011849] Mount-cache hash table entries: 2048 (order: 1, 8192 bytes, linear)
[    0.011992] Mountpoint-cache hash table entries: 2048 (order: 1, 8192 bytes, linear)
[    0.013257] VFS: Finished mounting rootfs on nullfs
[    0.015453] /cpus/cpu@f00 missing clock-frequency property
[    0.015642] /cpus/cpu@f01 missing clock-frequency property
[    0.015767] /cpus/cpu@f02 missing clock-frequency property
[    0.015889] /cpus/cpu@f03 missing clock-frequency property
[    0.015980] CPU0: thread -1, cpu 0, socket 15, mpidr 80000f00
[    0.021356] Setting up static identity map for 0x60100000 - 0x60100060
[    0.022120] rcu: Hierarchical SRCU implementation.
[    0.022207] rcu: 	Max phase no-delay instances is 1000.
[    0.023507] Timer migration: 1 hierarchy levels; 8 children per group; 1 crossnode level
[    0.025369] smp: Bringing up secondary CPUs ...
[    0.025469] smp: Brought up 1 node, 1 CPU
[    0.025543] SMP: Total of 1 processors activated (48.00 BogoMIPS).
[    0.025626] CPU: All CPU(s) started in SVC mode.
[    0.027110] Memory: 954776K/1034240K available (16384K kernel code, 1810K rwdata, 4788K rodata, 1024K init, 277K bss, 51796K reserved, 24576K cma-reserved, 235168K highmem)
[    0.028604] devtmpfs: initialized
[    0.050847] VFP support v0.3: implementor 41 architecture 2 part 30 variant 7 rev 5
[    0.051789] posixtimers hash table entries: 2048 (order: 2, 16384 bytes, linear)
[    0.052108] futex hash table entries: 1024 (65536 bytes on 1 NUMA nodes, total 64 KiB, linear).
[    0.058505] NET: Registered PF_NETLINK/PF_ROUTE protocol family
[    0.061198] DMA: preallocated 256 KiB pool for atomic coherent allocations
[    0.070698] thermal_sys: Registered thermal governor 'step_wise'
[    0.070998] cpuidle: using governor menu
[    0.072371] hw-breakpoint: found 5 (+1 reserved) breakpoint and 4 watchpoint registers.
[    0.072490] hw-breakpoint: maximum watchpoint size is 8 bytes.
[    0.073559] Serial: AMBA PL011 UART driver
[    0.076219] pstore: Using crash dump compression: deflate
[    0.076335] printk: legacy console [ramoops-1] enabled
[    0.078637] pstore: Registered ramoops as persistent store backend
[    0.078755] ramoops: using 0xf0000@0x68100000, ecc: 0
[    0.118763] rockchip-gpio 2007c000.gpio: probed /pinctrl/gpio@2007c000
[    0.121082] rockchip-gpio 20080000.gpio: probed /pinctrl/gpio@20080000
[    0.123336] rockchip-gpio 20084000.gpio: probed /pinctrl/gpio@20084000
[    0.125420] rockchip-gpio 20088000.gpio: probed /pinctrl/gpio@20088000
[    0.182816] iommu: Default domain type: Translated
[    0.182958] iommu: DMA domain TLB invalidation policy: strict mode
[    0.195439] SCSI subsystem initialized
[    0.196352] libata version 3.00 loaded.
[    0.197398] usbcore: registered new interface driver usbfs
[    0.
[missed 5086 bytes]
[    6.844305] Freeing initrd memory: 13456K
[   12.005883] input: silead_ts as /devices/platform/2005a000.i2c/i2c-2/2-0040/input/input0
[   12.047439] input: rk805 pwrkey as /devices/platform/2005a000.i2c/i2c-2/2-001a/rk805-pwrkey.3.auto/input/input1
[   12.068777] rk808-rtc rk808-rtc.4.auto: registered as rtc0
[   12.077411] rk808-rtc rk808-rtc.4.auto: setting system clock to 2026-09-08T23:30:04 UTC (1788910204)
[   12.111462] rk816-charger rk816-charger.6.auto: restored 100% from the last boot
[   12.154077] usbcore: registered new interface driver usbhid
[   12.160538] usbhid: USB HID core driver
[   12.168560] dwmmc_rockchip 10218000.mmc: Using external DMA controller.
[   12.177154] dwmmc_rockchip 1021c000.mmc: Using external DMA controller.
[   12.183798] dwmmc_rockchip 10218000.mmc: Version ID is 270a
[   12.190273] dwmmc_rockchip 1021c000.mmc: Version ID is 270a
[   12.196652] dwmmc_rockchip 10218000.mmc: DW MMC controller at irq 60,32 bit host data width,256 deep fifo
[   12.203257] dwmmc_rockchip 10218000.mmc: allocated mmc-pwrseq
[   12.209542] mmc_host mmc2: card is non-removable.
[   12.216099] dwmmc_rockchip 1021c000.mmc: DW MMC controller at irq 61,32 bit host data width,256 deep fifo
[   12.225230] mmc_host mmc1: card is non-removable.
[   12.240921] hw perfevents: enabled with armv7_cortex_a7 PMU driver, 5 (8000000f) counters available
[   12.248628] mmc_host mmc1: Bus speed = 400000Hz (req 400000Hz, actual 400000HZ div = 0)
[   12.261909] NET: Registered PF_INET6 protocol family
[   12.273868] mmc_host mmc2: Bus speed = 400000Hz (req 400000Hz, actual 400000HZ div = 0)
[   12.283960] Segment Routing with IPv6
[   12.292717] In-situ OAM (IOAM) with IPv6
[   12.302045] NET: Registered PF_PACKET protocol family
[   12.310408] can: controller area network core
[   12.318926] NET: Registered PF_CAN protocol family
[   12.327243] can: raw protocol
[   12.335698] can: broadcast manager protocol
[   12.344071] can: netlink gateway - max_hops=1
