0060000000-0x000000009fffffff]
[    0.000000] On node 0, zone Normal: 1536 pages in unavailable ranges
[    0.000000] percpu: Embedded 17 pages/cpu s40460 r8192 d20980 u69632
[    0.000000] pcpu-alloc: s40460 r8192 d20980 u69632 alloc=17*4096
[    0.000000] pcpu-alloc: [0] 0 [0] 1 [0] 2 [0] 3 
[    0.000000] Kernel command line: console=ttyFIQ0 androidboot.baseband=N/A androidboot.veritymode=enforcing androidboot.hardware=rk30board androidboot.console=ttyFIQ0 init=/init  mtdparts=rk29xxnand:0x00002000@0x00000000(parameter),0x00002000@0x00002000(uboot),0x00002000@0x00004000(trust),0x00002000@0x00006000(misc),0x00008000@0x00008000(resource),0x00010000@0x00010000(kernel),0x00010000@0x00020000(boot),0x00020000@0x00030000(recovery),0x00038000@0x00050000(backup),0x00002000@0x00088000(security),0x0080000@0x0008a000(cache),0x00300000@0x0010a000(system),0x00008000@0x0040a000(metadata),0x00060000@0x00412000(vendor),0x00030000@0x00472000(oem),0x00000400@0x004a2000(frp),-@0x004a2400(userdata) storagemedia=emmc androidboot.deviceid=CPTP_RK3126_TAQ-102_A01 uboot_logo=0x02000000@0x9dc00000 loader.timestamp=2021-05-17_10:08:05 adc.incre=0 SecureBootCheckOk=0 console=tty0 console=ttyGS0 ignore_loglevel consoleblank=0 nosmp fw_devlink=off blkdevparts=mmcblk1:-@0x94880000(data)
[    0.000000] Unknown kernel command line parameters "storagemedia=emmc uboot_logo=0x02000000@0x9dc00000 SecureBootCheckOk=0", will be passed to user space.
[    0.000000] printk: log buffer data + meta data: 131072 + 409600 = 540672 bytes
[    0.000000] Dentry cache hash table entries: 131072 (order: 7, 524288 bytes, linear)
[    0.000000] Inode-cache hash table entries: 65536 (order: 6, 262144 bytes, linear)
[    0.000000] Built 1 zonelists, mobility grouping on.  Total pages: 258560
[    0.000000] mem auto-init: stack:all(zero), heap alloc:off, heap free:off
[    0.000000] SLUB: HWalign=64, Order=0-3, MinObjects=0, CPUs=4, Nodes=1
[    0.000000] rcu: Hierarchical RCU implementation.
[    0.000000] rcu: 	RCU event tracing is enabled.
[    0.000000] rcu: 	RCU restricting CPUs from NR_CPUS=16 to nr_cpu_ids=4.
[    0.000000] rcu: RCU calculated value of scheduler-enlistment delay is 10 jiffies.
[    0.000000] rcu: Adjusting geometry for rcu_fanout_leaf=16, nr_cpu_ids=4
[    0.000000] NR_IRQS: 16, nr_irqs: 16, preallocated irqs: 16
[    0.000000] rcu: srcu_init: Setting srcu_struct sizes based on contention.
[    0.000000] clocksource: jiffies: mask: 0xffffffff max_cycles: 0xffffffff, max_idle_ns: 19112604462750000 ns
[    0.000000] arch_timer: cp15 timer running at 24.00MHz (sec-phys).
[    0.000000] clocksource: arch_sys_counter: mask: 0xffffffffffffff max_cycles: 0x588fe9dc0, max_idle_ns: 440795202592 ns
[    0.000004] sched_clock: 56 bits at 24MHz, resolution 41ns, wraps every 4398046511097ns
[    0.000046] Switching to timer-based delay loop, resolution 41ns
[    0.003347] clocksource: rk_timer: mask: 0xffffffff max_cycles: 0xffffffff, max_idle_ns: 79635851949 ns
[    0.003413] sched_clock: 32 bits at 24MHz, resolution 41ns, wraps every 89478484971ns
[    0.003537] Too many timer definitions for 'rk_timer'
[    0.003552] Failed to initialize '/timer@20044040': -22
[    0.003693] Too many timer definitions for 'rk_timer'
[    0.003707] Failed to initialize '/timer@20044060': -22
[    0.003830] Too many timer definitions for 'rk_timer'
[    0.003844] Failed to initialize '/timer@20044080': -22
[    0.003968] Too many timer definitions for 'rk_timer'
[    0.003981] Failed to initialize '/timer@200440a0': -22
[    0.007583] Console: colour dummy device 80x30
[    0.007644] printk: legacy console [tty0] enabled
[    0.010619] Calibrating delay loop (skipped), value calculated using timer frequency.. 48.00 BogoMIPS (lpj=240000)
[    0.010756] CPU: Testing write buffer coherency: ok
[    0.010973] pid_max: default: 32768 minimum: 301
[    0.011854] Mount-cache hash table entries: 2048 (order: 1, 8192 bytes, linear)
[    0.012009] Mountpoint-cache hash table entries: 2048 (order: 1, 8192 bytes, linear)
[    0.013271] VFS: Finished mounting rootfs on nullfs
[    0.015474] /cpus/cpu@f00 missing clock-frequency property
[    0.015663] /cpus/cpu@f01 missing clock-frequency property
[    0.015785] /cpus/cpu@f02 missing clock-frequency property
[    0.015909] /cpus/cpu@f03 missing clock-frequency property
[    0.016001] CPU0: thread -1, cpu 0, socket 15, mpidr 80000f00
[    0.021381] Setting up static identity map for 0x60100000 - 0x60100060
[    0.022132] rcu: Hierarchical SRCU implementation.
[    0.022220] rcu: 	Max phase no-delay instances is 1000.
[    0.023514] Timer migration: 1 hierarchy levels; 8 children per group; 1 crossnode level
[    0.025378] smp: Bringing up secondary CPUs ...
[    0.025482] smp: Brought up 1 node, 1 CPU
[    0.025552] SMP: Total of 1 processors activated (48.00 BogoMIPS).
[    0.025627] CPU: All CPU(s) started in SVC mode.
[    0.027117] Memory: 954776K/1034240K available (16384K kernel code, 1810K rwdata, 4788K rodata, 1024K init, 277K bss, 51796K reserved, 24576K cma-reserved, 235168K highmem)
[    0.028588] devtmpfs: initialized
[    0.050970] VFP support v0.3: implementor 41 architecture 2 part 30 variant 7 rev 5
[    0.051912] posixtimers hash table entries: 2048 (order: 2, 16384 bytes, linear)
[    0.052227] futex hash table entries: 1024 (65536 bytes on 1 NUMA nodes, total 64 KiB, linear).
[    0.058658] NET: Registered PF_NETLINK/PF_ROUTE protocol family
[    0.061298] DMA: preallocated 256 KiB pool for atomic coherent allocations
[    0.070849] thermal_sys: Registered thermal governor 'step_wise'
[    0.071142] cpuidle: using governor menu
[    0.072508] hw-breakpoint: found 5 (+1 reserved) breakpoint and 4 watchpoint registers.
[    0.072627] hw-breakpoint: maximum watchpoint size is 8 bytes.
[    0.073706] Serial: AMBA PL011 UART driver
[    0.076364] pstore: Using crash dump compression: deflate
[    0.076478] printk: legacy console [ramoops-1] enabled
[    0.078748] pstore: Registered ramoops as persistent store backend
[    0.078870] ramoops: using 0xf0000@0x68100000, ecc: 0
[    0.118884] rockchip-gpio 2007c000.gpio: probed /pinctrl/gpio@2007c000
[    0.121189] rockchip-gpio 20080000.gpio: probed /pinctrl/gpio@20080000
[    0.123443] rockchip-gpio 20084000.gpio: probed /pinctrl/gpio@20084000
[    0.125534] rockchip-gpio 20088000.gpio: probed /pinctrl/gpio@20088000
[    0.182949] iommu: Default domain type: Translated
[    0.183090] iommu: DMA domain TLB invalidation policy: strict mode
[    0.195566] SCSI subsystem initialized
[    0.196509] libata version 3.00 loaded.
[    0.197555] usbcore: registered new interface driver usbfs
[    0.
[missed 5086 bytes]
[    6.904308] Freeing initrd memory: 13456K
[   12.006704] input: silead_ts as /devices/platform/2005a000.i2c/i2c-2/2-0040/input/input0
[   12.048072] input: rk805 pwrkey as /devices/platform/2005a000.i2c/i2c-2/2-001a/rk805-pwrkey.3.auto/input/input1
[   12.069372] rk808-rtc rk808-rtc.4.auto: registered as rtc0
[   12.077968] rk808-rtc rk808-rtc.4.auto: setting system clock to 2026-09-09T00:25:49 UTC (1788913549)
[   12.112190] rk816-charger rk816-charger.6.auto: restored 100% from the last boot
[   12.154853] usbcore: registered new interface driver usbhid
[   12.161314] usbhid: USB HID core driver
[   12.169319] dwmmc_rockchip 10218000.mmc: Using external DMA controller.
[   12.176340] dwmmc_rockchip 10218000.mmc: Version ID is 270a
[   12.182839] dwmmc_rockchip 10218000.mmc: DW MMC controller at irq 60,32 bit host data width,256 deep fifo
[   12.191349] dwmmc_rockchip 1021c000.mmc: Using external DMA controller.
[   12.198254] dwmmc_rockchip 1021c000.mmc: Version ID is 270a
[   12.204923] dwmmc_rockchip 1021c000.mmc: DW MMC controller at irq 61,32 bit host data width,256 deep fifo
[   12.212236] dwmmc_rockchip 10218000.mmc: allocated mmc-pwrseq
[   12.218950] mmc_host mmc2: card is non-removable.
[   12.232359] mmc_host mmc1: card is non-removable.
[   12.242812] hw perfevents: enabled with armv7_cortex_a7 PMU driver, 5 (8000000f) counters available
[   12.256132] NET: Registered PF_INET6 protocol family
[   12.263858] mmc_host mmc1: Bus speed = 400000Hz (req 400000Hz, actual 400000HZ div = 0)
[   12.271841] mmc_host mmc2: Bus speed = 400000Hz (req 400000Hz, actual 400000HZ div = 0)
[   12.284042] Segment Routing with IPv6
[   12.293289] In-situ OAM (IOAM) with IPv6
[   12.301797] NET: Registered PF_PACKET protocol family
[   12.309772] can: controller area network core
[   12.317983] NET: Registered PF_CAN protocol family
[   12.325914] can: raw protocol
[   12.334089] can: broadcast manager protocol
[   12.342068] can: netlink gateway - max_hops=1
[   12.351384] Key type dns_resolver registered
[   12.360404] ThumbEE CPU extension supported.
[   12.368339] Registering SWP/SWPB emulation handler
[   12.387138] mmc_host mmc2: Bus speed = 50000000Hz (req 50000000Hz, actual 50000000HZ div = 0)
[   12.397241] mmc2: new high speed SDIO card at address 0001
taq102-initramfs 20260908-030330-f001466: MAINLINE-USERSPACE-REACHED
taq102-initramfs 20260908-030330-f001466: MAINLINE-USERSPACE-REACHED
mount: mounting devpts on /dev/pts failed: No such file or directory
mount: mounting tmpfs on /dev/shm failed: No such file or directory
taq102-cube: insmod phy-rockchip-inno-dsidphy

TAQ-102 rescue image
taq102 login: taq102-cube: ok phy-rockchip-inno-dsidphy
[   12.462558] mmc_host mmc1: Bus speed = 50000000Hz (req 52000000Hz, actual 50000000HZ div = 0)
[   12.472944] mmc1: new high speed MMC card at address 0001
[   12.507514] mmcblk1: mmc1:0001 Origin 57.6 GiB
[   12.535850] Loading compiled-in X.509 certificates
[   12.666623] cfg80211: Loading compiled-in X.509 certificates for regulatory database
[   12.740380] Loaded X.509 cert 'sforshee: 00b28ddf47aef9cea7'
[   12.755260] random: crng init done
[   12.781443] Loaded X.509 cert 'wens: 61c038651aabdcf94bd0ac7ff06c7248db18c600'
[   12.805427] clk: Disabling unused clocks
[   12.813400] PM: genpd: Disabling unused power domains
[   12.841303] Freeing unused kernel image (initmem) memory: 1024K
[   12.866268] Run /init as init process
[   12.873919]   with arguments:
[   12.881416]     /init
[   12.888730]   with environment:
[   12.896007]     HOME=/
[   12.903039]     TERM=linux
[   12.909966]     storagemedia=emmc
[   12.916805]     uboot_logo=0x02000000@0x9dc00000
[   12.923753]     SecureBootCheckOk=0
[   13.245982] taq102-initramfs 20260908-030330-f001466: init running
[   13.289629] taq102-initramfs 20260908-030330-f001466: diagnostic image, kernel owns the USB console
[   13.298786] taq102-initramfs 20260908-030330-f001466: NO gadget -- no console will appear
[   13.457490] taq102-display: no PHY module for 7.3.0-rc2-g28924df2a08f-dirty; the kernel must carry the driver itself
[   13.578783] taq102-initramfs 20260908-030330-f001466: backlight 255 of 255
