] Zone ranges:
[    0.000000]   Normal   [mem 0x0000000060000000-0x000000008fffffff]
[    0.000000]   HighMem  [mem 0x0000000090000000-0x000000009fffffff]
[    0.000000] Movable zone start for each node
[    0.000000] Early memory node ranges
[    0.000000]   node   0: [mem 0x0000000060000000-0x00000000683fffff]
[    0.000000]   node   0: [mem 0x0000000069200000-0x000000009dbfffff]
[    0.000000]   node   0: [mem 0x000000009dc00000-0x000000009de57fff]
[    0.000000]   node   0: [mem 0x000000009de58000-0x000000009fffffff]
[    0.000000] Initmem setup node 0 [mem 0x0000000060000000-0x000000009fffffff]
[    0.000000] On node 0, zone Normal: 1536 pages in unavailable ranges
[    0.000000] percpu: Embedded 17 pages/cpu s40460 r8192 d20980 u69632
[    0.000000] pcpu-alloc: s40460 r8192 d20980 u69632 alloc=17*4096
[    0.000000] pcpu-alloc: [0] 0 [0] 1 [0] 2 [0] 3 
[    0.000000] Kernel command line: console=ttyFIQ0 androidboot.baseband=N/A androidboot.veritymode=enforcing androidboot.hardware=rk30board androidboot.console=ttyFIQ0 init=/init  mtdparts=rk29xxnand:0x00002000@0x00000000(parameter),0x00002000@0x00002000(uboot),0x00002000@0x00004000(trust),0x00002000@0x00006000(misc),0x00008000@0x00008000(resource),0x00010000@0x00010000(kernel),0x00010000@0x00020000(boot),0x00020000@0x00030000(recovery),0x00038000@0x00050000(backup),0x00002000@0x00088000(security),0x0080000@0x0008a000(cache),0x00300000@0x0010a000(system),0x00008000@0x0040a000(metadata),0x00060000@0x00412000(vendor),0x00030000@0x00472000(oem),0x00000400@0x004a2000(frp),-@0x004a2400(userdata) storagemedia=emmc androidboot.deviceid=CPTP_RK3126_TAQ-102_A01 uboot_logo=0x02000000@0x9dc00000 loader.timestamp=2021-05-17_10:08:05 adc.incre=0 SecureBootCheckOk=0 console=tty0 console=ttyGS0 ignore_loglevel initcall_debug log_buf_len=1M keep_bootcon nosmp consoleblank=0 fbcon=nodefer blkdevparts=mmcblk1:-@0x94880000(data)
[    0.000000] Unknown kernel command line parameters "storagemedia=emmc uboot_logo=0x02000000@0x9dc00000 SecureBootCheckOk=0", will be passed to user space.
[    0.000000] printk: log buffer data + meta data: 1048576 + 3276800 = 4325376 bytes
[    0.000000] printk: early log buf free: 128300(97%)
[    0.000000] Dentry cache hash table entries: 131072 (order: 7, 524288 bytes, linear)
[    0.000000] Inode-cache hash table entries: 65536 (order: 6, 262144 bytes, linear)
[    0.000000] Built 1 zonelists, mobility grouping on.  Total pages: 258560
[    0.000000] mem auto-init: stack:all(zero), heap alloc:off, heap free:off
[    0.000000] SLUB: HWalign=64, Order=0-3, MinObjects=0, CPUs=4, Nodes=1
[    0.000000] rcu: Hierarchical RCU implementation.
[    0.000000] rcu: 	RCU event tracing is enabled.
[    0.000000] rcu: 	RCU restricting CPUs from NR_CPUS=16 to nr_cpu_ids=4.
[    0.000000] rcu: RCU calculated value of scheduler-enlistment delay is 10 jiffies.
[    0.000000] rcu: Adjusting geometry for rcu_fanout_leaf=16, nr_cpu_ids=4
[    0.000000] NR_IRQS: 16, nr_irqs: 16, preallocated irqs: 16
[    0.000000] rcu: srcu_init: Setting srcu_struct sizes based on contention.
[    0.000000] clocksource: jiffies: mask: 0xffffffff max_cycles: 0xffffffff, max_idle_ns: 19112604462750000 ns
[    0.000000] arch_timer: cp15 timer running at 24.00MHz (sec-phys).
[    0.000000] clocksource: arch_sys_counter: mask: 0xffffffffffffff max_cycles: 0x588fe9dc0, max_idle_ns: 440795202592 ns
[    0.000004] sched_clock: 56 bits at 24MHz, resolution 41ns, wraps every 4398046511097ns
[    0.000047] Switching to timer-based delay loop, resolution 41ns
[    0.003295] clocksource: rk_timer: mask: 0xffffffff max_cycles: 0xffffffff, max_idle_ns: 79635851949 ns
[    0.003362] sched_clock: 32 bits at 24MHz, resolution 41ns, wraps every 89478484971ns
[    0.003488] Too many timer definitions for 'rk_timer'
[    0.003502] Failed to initialize '/timer@20044040': -22
[    0.003641] Too many timer definitions for 'rk_timer'
[    0.003654] Failed to initialize '/timer@20044060': -22
[    0.003777] Too many timer definitions for 'rk_timer'
[    0.003790] Failed to initialize '/timer@20044080': -22
[    0.003913] Too many timer definitions for 'rk_timer'
[    0.003926] Failed to initialize '/timer@200440a0': -22
[    0.007313] entering initcall level: console
[    0.007341] calling  con_init+0x0/0x214 @ 0
[    0.007620] Console: colour dummy device 80x30
[    0.007669] printk: legacy console [tty0] enabled
[    0.010629] initcall con_init+0x0/0x214 returned 0 after 10000 usecs
[    0.010747] calling  hvc_console_init+0x0/0x18 @ 0
[    0.010850] initcall hvc_console_init+0x0/0x18 returned 0 after 0 usecs
[    0.010955] calling  univ8250_console_init+0x0/0x38 @ 0
[    0.011089] initcall univ8250_console_init+0x0/0x38 returned 0 after 0 usecs
[    0.011202] calling  omap8250_console_fixup+0x0/0xa8 @ 0
[    0.011470] initcall omap8250_console_fixup+0x0/0xa8 returned 0 after 0 usecs
[    0.011670] Calibrating delay loop (skipped), value calculated using timer frequency.. 48.00 BogoMIPS (lpj=240000)
[    0.011795] CPU: Testing write buffer coherency: ok
[    0.012014] pid_max: default: 32768 minimum: 301
[    0.012879] Mount-cache hash table entries: 2048 (order: 1, 8192 bytes, linear)
[    0.013023] Mountpoint-cache hash table entries: 2048 (order: 1, 8192 bytes, linear)
[    0.014270] VFS: Finished mounting rootfs on nullfs
[    0.016456] /cpus/cpu@f00 missing clock-frequency property
[    0.016638] /cpus/cpu@f01 missing clock-frequency property
[    0.016760] /cpus/cpu@f02 missing clock-frequency property
[    0.016881] /cpus/cpu@f03 missing clock-frequency property
[    0.016971] CPU0: thread -1, cpu 0, socket 15, mpidr 80000f00
[    0.022235] entering initcall level: early
[    0.022356] calling  trace_init_flags_sys_exit+0x0/0x1c @ 1
[    0.022467] initcall trace_init_flags_sys_exit+0x0/0x1c returned 0 after 0 usecs
[    0.022578] calling  trace_init_flags_sys_enter+0x0/0x1c @ 1
[    0.022665] initcall trace_init_flags_sys_enter+0x0/0x1c returned 0 after 0 usecs
[    0.022770] calling  allocate_overflow_stacks+0x0/0x84 @ 1
[    0.022877] initcall allocate_overflow_stacks+0x0/0x84 returned 0 after 0 usecs
[    0.022986] calling  cpu_suspend_alloc_sp+0x0/0xac @ 1
[    0.023097] initcall cpu_suspend_alloc_sp+0x0/0xac returned 0 after 0 usecs
[    0.023210] calling  init_static_idmap+0x0/0xfc @ 1
[    0.023346] Setting up static identity map for 0x60100000 - 0x60100060
[    0.023423] initcall init_static_idmap+0x0/0xfc returned 0 after 0 usecs
[    0.023528] calling  __omap4430_phy_power_down+0x0/0x10 @ 1
[    0.023635] initcall __omap4430_phy_power_down+0x0/0x10 returned 0 after 0 usecs
[    0.023758] calling  spawn_ksoftirqd+0x0/0x7c @ 1
[    0.024335] initcall spawn_ksoftirqd+0x0/0x7c returned 0 after 0 usecs
[    0.024474] calling  init_signal_sysctls+0x0/0x48 @ 1
[    0.024639] initcall init_signal_sysctls+0x0/0x48 returned 0 after 0 usecs
[    0.024749] calling  init_umh_sysctls+0x0/0x2c @ 1
[    0.024852] initcall init_umh_sysctls+0x0/0x2c returned 0 after 0 usecs
[    0.024953] calling  kthreads_init+0x0/0x38 @ 1
[    0.025047] initcall kthreads_init+0x0/0x38 returned 0 after 0 usecs
[    0.025142] calling  migrat
[missed 111361 bytes]
[   12.642950] initcall ds1307_driver_init+0x0/0x10 returned 0 after 406 usecs
[   12.650722] calling  em3027_driver_init+0x0/0x10 @ 1
[   12.658374] initcall em3027_driver_init+0x0/0x10 returned 0 after 133 usecs
[   12.666073] calling  scmi_imx_bbm_rtc_driver_init+0x0/0x18 @ 1
[   12.673870] initcall scmi_imx_bbm_rtc_driver_init+0x0/0x18 returned 0 after 261 usecs
[   12.681475] calling  max77686_rtc_driver_init+0x0/0x18 @ 1
[   12.689519] initcall max77686_rtc_driver_init+0x0/0x18 returned 0 after 472 usecs
[   12.697089] calling  max8907_rtc_driver_init+0x0/0x18 @ 1
[   12.704970] initcall max8907_rtc_driver_init+0x0/0x18 returned 0 after 339 usecs
[   12.712641] calling  palmas_rtc_driver_init+0x0/0x18 @ 1
[   12.720726] initcall palmas_rtc_driver_init+0x0/0x18 returned 0 after 521 usecs
[   12.728335] calling  pl031_driver_init+0x0/0x10 @ 1
[   12.735995] initcall pl031_driver_init+0x0/0x10 returned 0 after 120 usecs
[   12.743619] calling  rk808_rtc_driver_init+0x0/0x18 @ 1
[   1
[missed 23192 bytes]
[   16.659685]  mmcblk1: p1(data)
[   16.679687] mmcblk1boot0: mmc1:0001 Origin 4.00 MiB
[   16.698556] initcall fault_around_debugfs+0x0/0x38 returned 0 after 81722 usecs
[   16.706524] calling  slab_late_init+0x0/0x12c @ 1
[   16.732294] mmcblk1boot1: mmc1:0001 Origin 4.00 MiB
[   16.782503] mmcblk1rpmb: mmc1:0001 Origin 4.00 MiB, chardev (238:0)
[   16.795133] initcall slab_late_init+0x0/0x12c returned 0 after 80675 usecs
[   16.803426] calling  max_swapfiles_check+0x0/0x8 @ 1
[   16.811469] initcall max_swapfiles_check+0x0/0x8 returned 0 after 2 usecs
[   16.819506] calling  check_early_ioremap_leak+0x0/0x64 @ 1
[   16.827401] initcall check_early_ioremap_leak+0x0/0x64 returned 0 after 2 usecs
[   16.835408] calling  mg_debugfs_init+0x0/0x40 @ 1
[   16.848670] probe of mmc1:0001 with driver mmcblk returned 0 after 2229641 usecs
[   16.908512] initcall mg_debugfs_init+0x0/0x40 returned 0 after 65143 usecs
[   16.916714] calling  ubifs_init+0x0/0x130 @ 1
[   16.939222] initcall ubifs_init+0x0/0x130 returned 0 after 14341 usecs
[   16.947378] calling  pstore_init+0x0/0x4c @ 1
[   16.978492] initcall pstore_init+0x0/0x4c returned 0 after 22962 usecs
[   16.986542] calling  init_root_keyring+0x0/0xc @ 1
[   17.008657] initcall init_root_keyring+0x0/0xc returned 0 after 14077 usecs
[   17.016726] calling  crypto_algapi_init+0x0/0x10 @ 1
[   17.038483] initcall crypto_algapi_init+0x0/0x10 returned 0 after 13640 usecs
[   17.046528] calling  blk_timeout_init+0x0/0x18 @ 1
[   17.054552] initcall blk_timeout_init+0x0/0x18 returned 0 after 2 usecs
[   17.062545] calling  depot_debugfs_init+0x0/0x60 @ 1
[   17.108521] initcall depot_debugfs_init+0x0/0x60 returned 0 after 37952 usecs
[   17.116547] calling  pci_resource_alignment_sysfs_init+0x0/0x14 @ 1
[   17.138486] initcall pci_resource_alignment_sysfs_init+0x0/0x14 returned 0 after 13840 usecs
[   17.146556] calling  clk_debug_init+0x0/0x10c @ 1
[   17.216098] initcall clk_debug_init+0x0/0x10c returned 0 after 61525 usecs
[   17.224464] calling  genpd_debug_init+0x0/0x88 @ 1
[   17.258831] initcall genpd_debug_init+0x0/0x88 returned 0 after 26464 usecs
[   17.266867] calling  sync_state_resume_initcall+0x0/0x10 @ 1
[   17.288610] random: crng init done
[   17.296640] initcall sync_state_resume_initcall+0x0/0x10 returned 0 after 21840 usecs
[   17.304791] calling  deferred_probe_initcall+0x0/0xac @ 1
[   17.328656] initcall deferred_probe_initcall+0x0/0xac returned 0 after 15884 usecs
[   17.336625] calling  ubi_init_attach+0x0/0x168 @ 1
[   17.344599] initcall ubi_init_attach+0x0/0x168 returned 0 after 2 usecs
[   17.352562] calling  gpio_keys_init+0x0/0x18 @ 1
[   17.399172] initcall gpio_keys_init+0x0/0x18 returned 0 after 38795 usecs
[   17.407144] calling  psci_debugfs_init+0x0/0x68 @ 1
[   17.415032] initcall psci_debugfs_init+0x0/0x68 returned 0 after 2 usecs
[   17.422874] calling  of_fdt_raw_init+0x0/0x80 @ 1
[   17.458486] initcall of_fdt_raw_init+0x0/0x80 returned 0 after 27875 usecs
[   17.466376] calling  init_subsystem+0x0/0x8 @ 1
[   17.474133] initcall init_subsystem+0x0/0x8 returned 0 after 2 usecs
[   17.481957] calling  bpf_kfunc_init+0x0/0x8 @ 1
[   17.489641] initcall bpf_kfunc_init+0x0/0x8 returned 0 after 1 usecs
[   17.497240] calling  xdp_metadata_init+0x0/0x8 @ 1
[   17.504816] initcall xdp_metadata_init+0x0/0x8 returned 0 after 2 usecs
[   17.512354] calling  tcp_congestion_default+0x0/0x14 @ 1
[   17.519924] initcall tcp_congestion_default+0x0/0x14 returned 0 after 7 usecs
[   17.527385] calling  inet_blackhole_dev_init+0x0/0x30 @ 1
[   17.618500] initcall inet_blackhole_dev_init+0x0/0x30 returned 0 after 83589 usecs
[   17.626082] calling  ip_auto_config+0x0/0x1188 @ 1
[   17.648563] initcall ip_auto_config+0x0/0x1188 returned 0 after 14940 usecs
[   17.656123] calling  regulatory_init_db+0x0/0x138 @ 1
[   17.678504] cfg80211: Loading compiled-in X.509 certificates for regulatory database
[   17.731973] Loaded X.509 cert 'sforshee: 00b28ddf47aef9cea7'
[   17.754876] Loaded X.509 cert 'wens: 61c038651aabdcf94bd0ac7ff06c7248db18c600'
[   17.778560] initcall regulatory_init_db+0x0/0x138 returned 0 after 114852 usecs
[   17.786459] calling  late_trace_init+0x0/0x108 @ 1
[   17.794239] initcall late_trace_init+0x0/0x108 returned 0 after 3 usecs
[   17.802084] calling  trace_eval_sync+0x0/0x2c @ 1
[   17.810122] faux_driver regulatory: Direct firmware load for regulatory.db failed with error -2
[   17.818054] cfg80211: failed to load regulatory.db
[   17.858529] initcall trace_eval_sync+0x0/0x2c returned 0 after 48791 usecs
[   17.866619] calling  amba_stub_drv_init+0x0/0x34 @ 1
[   17.898614] initcall amba_stub_drv_init+0x0/0x34 returned 0 after 23963 usecs
[   17.906676] calling  clk_disable_unused+0x0/0x10c @ 1
[   17.914596] clk: Disabling unused clocks
[   17.938783] initcall clk_disable_unused+0x0/0x10c returned 0 after 24184 usecs
[   17.946784] calling  genpd_power_off_unused+0x0/0x90 @ 1
[   17.954689] PM: genpd: Disabling unused power domains
[   17.988519] initcall genpd_power_off_unused+0x0/0x90 returned 0 after 33828 usecs
[   17.996553] calling  regulator_init_complete+0x0/0x5c @ 1
[   18.004627] initcall regulator_init_complete+0x0/0x5c returned 0 after 10 usecs
[   18.012672] calling  of_platform_sync_state_init+0x0/0x10 @ 1
[   18.058487] initcall of_platform_sync_state_init+0x0/0x10 returned 0 after 37742 usecs
[   18.072666] Freeing unused kernel image (initmem) memory: 1024K
[   18.089748] Run /init as init process
[   18.097740]   with arguments:
[   18.105686]     /init
[   18.113467]   with environment:
[   18.121216]     HOME=/
[   18.128791]     TERM=linux
[   18.136250]     storagemedia=emmc
[   18.143648]     uboot_logo=0x02000000@0x9dc00000
[   18.151165]     SecureBootCheckOk=0
[   18.307287] rtw88_8723cs mmc2:0001:1: failed to poll offset=0x6 mask=0x2 value=0x2
[   18.329038] rtw88_8723cs mmc2:0001:1: mac power on failed
[   18.336603] rtw88_8723cs mmc2:0001:1: failed to power on mac
[   18.344109] rtw88_8723cs mmc2:0001:1: failed to setup chip efuse info
[   18.351498] rtw88_8723cs mmc2:0001:1: failed to setup chip information
[   18.389868] rtw88_8723cs mmc2:0001:1: probe with driver rtw88_8723cs failed with error -16
[   18.397650] probe of mmc2:0001:1 with driver rtw88_8723cs returned 16 after 3848849 usecs
[   18.454443] taq102-initramfs 20260908-030330-f001466: init running
[   18.478923] taq102-initramfs 20260908-030330-f001466: diagnostic image, kernel owns the USB console
[   18.489062] taq102-initramfs 20260908-030330-f001466: NO gadget -- no console will appear
[   18.575240] taq102-display: no PHY module for 7.3.0-rc2-g28924df2a08f-dirty; the kernel must carry the driver itself
[   18.636869] taq102-initramfs 20260908-030330-f001466: backlight 255 of 255
[   18.711152] taq102-initramfs 20260908-030330-f001466: rescued a previous ramoops from 0x68100000
[   19.192170] EXT4-fs (mmcblk1p1): recovery complete
[   19.201117] EXT4-fs (mmcblk1p1): mounted filesystem 056c3b81-6827-4622-972a-5b2f34e489ab r/w with ordered data mode. Quota mode: disabled.
[   19.218972] taq102-initramfs 20260908-030330-f001466: /data mounted from /dev/mmcblk1p1
[   19.280547] taq102-initramfs 20260908-030330-f001466: MAINLINE-USERSPACE-REACHED handing over to init
taq102-initramfs 20260908-030330-f001466: MAINLINE-USERSPACE-REACHED
taq102-initramfs 20260908-030330-f001466: MAINLINE-USERSPACE-REACHED
mount: mounting devpts on /dev/pts failed: No such file or directory
mount: mounting tmpfs on /dev/shm failed: No such file or directory
open: No such file or directory
open: No such file or directory

TAQ-102 rescue image
taq102 login: [   19.705171] taq102-usb-beacon: code 4
[   19.874917] taq102-ssh: dropbear listening on 22
[   28.008696] rockchip-pm-domain 100a0000.syscon:power-controller: sync_state() pending due to 10106000.video-codec
[   28.016903] rockchip-pm-domain 100a0000.syscon:power-controller: sync_state() pending due to 1010e000.vop
[   28.024852] rockchip-pm-domain 100a0000.syscon:power-controller: sync_state() pending due to lvds
/usr/sbin/taq102-wifi: line 45: can't create /sys/class/rkwifi/driver: nonexistent directory
/usr/sbin/taq102-wifi: line 46: can't create /sys/class/rkwifi/power: nonexistent directory
/usr/sbin/taq102-wifi: line 48: can't create /sys/class/rkwifi/power: nonexistent directory
/usr/sbin/taq102-wifi: line 49: can't create /sys/class/rkwifi/driver: nonexistent directory
[   31.272497] taq102-app: no /dev/dri/card0 after 10 s; starting /usr/bin/glcube anyway
[   31.313773] Console: switching to colour dummy device 80x30
[   31.314646] taq102-app: fbcon unbound from /sys/class/vtconsole/vtcon1
[   31.315726] taq102-app: starting /usr/bin/glcube (attempt 1)
[   32.051459] taq102-usb-beacon: code 4
[   32.392366] taq102-app: starting /usr/bin/glcube (attempt 2)
[   33.472514] taq102-app: starting /usr/bin/glcube (attempt 3)
[   34.540327] taq102-app: starting /usr/bin/glcube (attempt 4)
[   35.606035] taq102-app: starting /usr/bin/glcube (attempt 5)
[   36.672224] taq102-app: /usr/bin/glcube exited 5 times; giving up
[   40.444910] taq102-wifi: no wlan0. The chip needs power removed -- a full power-off, not a reboot.
8723cs did not give us wlan0
[   44.279435] taq102-usb-beacon: code 4
[   56.501318] taq102-usb-beacon: code 4
[   68.722449] taq102-usb-beacon: code 4
[   80.942093] taq102-usb-beacon: code 4
[   93.162596] taq102-usb-beacon: code 4

TAQ-102 rescue image
taq102 login: root
login[96]: root login on 'ttyGS0'
# echo MARKA; which i2cget i2cset devmem; i2cget -f -y 2 0x1a 0x20; grep -i clko
ut /sys/kernel/debug/clk/clk_summary 2>/dev/null | cut -c1-120
MARKA
/bin/i2cget
/bin/i2cset
/bin/devmem
0x01
 rk816-clkout2                       1       1        0        32768       0          0     50000      Y   sdio-pwrseq  
# [  105.383200] taq102-usb-beacon: code 4
[  117.603040] taq102-usb-beacon: code 4
[  129.824610] taq102-usb-beacon: code 4
[  142.045578] taq102-usb-beacon: code 4
[  154.265558] taq102-usb-beacon: code 4
[  166.486470] taq102-usb-beacon: code 4
sync; /usr/sbin/reboot-loader
[  176.570522] mmcblk mmc1:0001: shutdown
