-0x000000008fffffff]
[    0.000000]   HighMem  [mem 0x0000000090000000-0x000000009fffffff]
[    0.000000] Movable zone start for each node
[    0.000000] Early memory node ranges
[    0.000000]   node   0: [mem 0x0000000060000000-0x00000000683fffff]
[    0.000000]   node   0: [mem 0x0000000069200000-0x000000009dbfffff]
[    0.000000]   node   0: [mem 0x000000009dc00000-0x000000009de57fff]
[    0.000000]   node   0: [mem 0x000000009de58000-0x000000009fffffff]
[    0.000000] Initmem setup node 0 [mem 0x0000000060000000-0x000000009fffffff]
[    0.000000] On node 0, zone Normal: 1536 pages in unavailable ranges
[    0.000000] percpu: Embedded 17 pages/cpu s40460 r8192 d20980 u69632
[    0.000000] pcpu-alloc: s40460 r8192 d20980 u69632 alloc=17*4096
[    0.000000] pcpu-alloc: [0] 0 [0] 1 [0] 2 [0] 3 
[    0.000000] Kernel command line: console=ttyFIQ0 androidboot.baseband=N/A androidboot.veritymode=enforcing androidboot.hardware=rk30board androidboot.console=ttyFIQ0 init=/init  mtdparts=rk29xxnand:0x00002000@0x00000000(parameter),0x00002000@0x00002000(uboot),0x00002000@0x00004000(trust),0x00002000@0x00006000(misc),0x00008000@0x00008000(resource),0x00010000@0x00010000(kernel),0x00010000@0x00020000(boot),0x00020000@0x00030000(recovery),0x00038000@0x00050000(backup),0x00002000@0x00088000(security),0x0080000@0x0008a000(cache),0x00300000@0x0010a000(system),0x00008000@0x0040a000(metadata),0x00060000@0x00412000(vendor),0x00030000@0x00472000(oem),0x00000400@0x004a2000(frp),-@0x004a2400(userdata) storagemedia=emmc androidboot.deviceid=CPTP_RK3126_TAQ-102_A01 uboot_logo=0x02000000@0x9dc00000 loader.timestamp=2021-05-17_10:08:05 adc.incre=0 SecureBootCheckOk=0 console=tty0 console=ttyGS0 ignore_loglevel consoleblank=0 nosmp fw_devlink=off blkdevparts=mmcblk1:-@0x94880000(data)
[    0.000000] Unknown kernel command line parameters "storagemedia=emmc uboot_logo=0x02000000@0x9dc00000 SecureBootCheckOk=0", will be passed to user space.
[    0.000000] printk: log buffer data + meta data: 131072 + 409600 = 540672 bytes
[    0.000000] Dentry cache hash table entries: 131072 (order: 7, 524288 bytes, linear)
[    0.000000] Inode-cache hash table entries: 65536 (order: 6, 262144 bytes, linear)
[    0.000000] Built 1 zonelists, mobility grouping on.  Total pages: 258560
[    0.000000] mem auto-init: stack:all(zero), heap alloc:off, heap free:off
[    0.000000] SLUB: HWalign=64, Order=0-3, MinObjects=0, CPUs=4, Nodes=1
[    0.000000] rcu: Hierarchical RCU implementation.
[    0.000000] rcu: 	RCU event tracing is enabled.
[    0.000000] rcu: 	RCU restricting CPUs from NR_CPUS=16 to nr_cpu_ids=4.
[    0.000000] rcu: RCU calculated value of scheduler-enlistment delay is 10 jiffies.
[    0.000000] rcu: Adjusting geometry for rcu_fanout_leaf=16, nr_cpu_ids=4
[    0.000000] NR_IRQS: 16, nr_irqs: 16, preallocated irqs: 16
[    0.000000] rcu: srcu_init: Setting srcu_struct sizes based on contention.
[    0.000000] clocksource: jiffies: mask: 0xffffffff max_cycles: 0xffffffff, max_idle_ns: 19112604462750000 ns
[    0.000000] arch_timer: cp15 timer running at 24.00MHz (sec-phys).
[    0.000000] clocksource: arch_sys_counter: mask: 0xffffffffffffff max_cycles: 0x588fe9dc0, max_idle_ns: 440795202592 ns
[    0.000004] sched_clock: 56 bits at 24MHz, resolution 41ns, wraps every 4398046511097ns
[    0.000047] Switching to timer-based delay loop, resolution 41ns
[    0.003346] clocksource: rk_timer: mask: 0xffffffff max_cycles: 0xffffffff, max_idle_ns: 79635851949 ns
[    0.003410] sched_clock: 32 bits at 24MHz, resolution 41ns, wraps every 89478484971ns
[    0.003534] Too many timer definitions for 'rk_timer'
[    0.003549] Failed to initialize '/timer@20044040': -22
[    0.003688] Too many timer definitions for 'rk_timer'
[    0.003701] Failed to initialize '/timer@20044060': -22
[    0.003826] Too many timer definitions for 'rk_timer'
[    0.003839] Failed to initialize '/timer@20044080': -22
[    0.003963] Too many timer definitions for 'rk_timer'
[    0.003977] Failed to initialize '/timer@200440a0': -22
[    0.007570] Console: colour dummy device 80x30
[    0.007634] printk: legacy console [tty0] enabled
[    0.010603] Calibrating delay loop (skipped), value calculated using timer frequency.. 48.00 BogoMIPS (lpj=240000)
[    0.010739] CPU: Testing write buffer coherency: ok
[    0.010957] pid_max: default: 32768 minimum: 301
[    0.011847] Mount-cache hash table entries: 2048 (order: 1, 8192 bytes, linear)
[    0.012000] Mountpoint-cache hash table entries: 2048 (order: 1, 8192 bytes, linear)
[    0.013266] VFS: Finished mounting rootfs on nullfs
[    0.015440] /cpus/cpu@f00 missing clock-frequency property
[    0.015626] /cpus/cpu@f01 missing clock-frequency property
[    0.015751] /cpus/cpu@f02 missing clock-frequency property
[    0.015873] /cpus/cpu@f03 missing clock-frequency property
[    0.015965] CPU0: thread -1, cpu 0, socket 15, mpidr 80000f00
[    0.021377] Setting up static identity map for 0x60100000 - 0x60100060
[    0.022132] rcu: Hierarchical SRCU implementation.
[    0.022221] rcu: 	Max phase no-delay instances is 1000.
[    0.023514] Timer migration: 1 hierarchy levels; 8 children per group; 1 crossnode level
[    0.025364] smp: Bringing up secondary CPUs ...
[    0.025470] smp: Brought up 1 node, 1 CPU
[    0.025541] SMP: Total of 1 processors activated (48.00 BogoMIPS).
[    0.025616] CPU: All CPU(s) started in SVC mode.
[    0.027109] Memory: 954764K/1034240K available (16384K kernel code, 1810K rwdata, 4788K rodata, 1024K init, 277K bss, 51808K reserved, 24576K cma-reserved, 235168K highmem)
[    0.028599] devtmpfs: initialized
[    0.050978] VFP support v0.3: implementor 41 architecture 2 part 30 variant 7 rev 5
[    0.051918] posixtimers hash table entries: 2048 (order: 2, 16384 bytes, linear)
[    0.052236] futex hash table entries: 1024 (65536 bytes on 1 NUMA nodes, total 64 KiB, linear).
[    0.058628] NET: Registered PF_NETLINK/PF_ROUTE protocol family
[    0.061321] DMA: preallocated 256 KiB pool for atomic coherent allocations
[    0.070865] thermal_sys: Registered thermal governor 'step_wise'
[    0.071163] cpuidle: using governor menu
[    0.072531] hw-breakpoint: found 5 (+1 reserved) breakpoint and 4 watchpoint registers.
[    0.072650] hw-breakpoint: maximum watchpoint size is 8 bytes.
[    0.073723] Serial: AMBA PL011 UART driver
[    0.076121] pstore: Using crash dump compression: deflate
[    0.076241] printk: legacy console [ramoops-1] enabled
[    0.078520] pstore: Registered ramoops as persistent store backend
[    0.078638] ramoops: using 0xf0000@0x68100000, ecc: 0
[    0.118703] rockchip-gpio 2007c000.gpio: probed /pinctrl/gpio@2007c000
[    0.121016] rockchip-gpio 20080000.gpio: probed /pinctrl/gpio@20080000
[    0.123251] rockchip-gpio 20084000.gpio: probed /pinctrl/gpio@20084000
[    0.125331] rockchip-gpio 20088000.gpio: probed /pinctrl/gpio@20088000
[    0.182744] iommu: Default domain type: Translated
[    0.182887] iommu: DMA domain TLB invalidation policy: strict mode
[    0.195355] SCSI subsystem initialized
[    0.196255] libata version 3.00 loaded.
[    0.197299] usbcore: registered new interface driver usbfs
[    0.
[missed 5086 bytes]
[    6.844069] Freeing initrd memory: 13468K
[   11.994552] input: silead_ts as /devices/platform/2005a000.i2c/i2c-2/2-0040/input/input0
[   12.036097] input: rk805 pwrkey as /devices/platform/2005a000.i2c/i2c-2/2-001a/rk805-pwrkey.3.auto/input/input1
[   12.057293] rk808-rtc rk808-rtc.4.auto: registered as rtc0
[   12.065824] rk808-rtc rk808-rtc.4.auto: setting system clock to 2026-09-10T00:41:14 UTC (1789000874)
[   12.099643] rk816-charger rk816-charger.6.auto: restored 100% from the last boot
[   12.142541] usbcore: registered new interface driver usbhid
[   12.148989] usbhid: USB HID core driver
[   12.156987] dwmmc_rockchip 10218000.mmc: Using external DMA controller.
[   12.165577] dwmmc_rockchip 1021c000.mmc: Using external DMA controller.
[   12.172193] dwmmc_rockchip 10218000.mmc: Version ID is 270a
[   12.178611] dwmmc_rockchip 1021c000.mmc: Version ID is 270a
[   12.184950] dwmmc_rockchip 10218000.mmc: DW MMC controller at irq 60,32 bit host data width,256 deep fifo
[   12.191531] dwmmc_rockchip 10218000.mmc: allocated mmc-pwrseq
[   12.197775] mmc_host mmc2: card is non-removable.
[   12.204335] dwmmc_rockchip 1021c000.mmc: DW MMC controller at irq 61,32 bit host data width,256 deep fifo
[   12.213494] mmc_host mmc1: card is non-removable.
[   12.229184] hw perfevents: enabled with armv7_cortex_a7 PMU driver, 5 (8000000f) counters available
[   12.236863] mmc_host mmc1: Bus speed = 400000Hz (req 400000Hz, actual 400000HZ div = 0)
[   12.250068] NET: Registered PF_INET6 protocol family
[   12.262377] mmc_host mmc2: Bus speed = 400000Hz (req 400000Hz, actual 400000HZ div = 0)
[   12.271337] Segment Routing with IPv6
[   12.280468] In-situ OAM (IOAM) with IPv6
[   12.289908] NET: Registered PF_PACKET protocol family
[   12.298230] can: controller area network core
[   12.306746] NET: Registered PF_CAN protocol family
[   12.315067] can: raw protocol
[   12.323557] can: broadcast manager protocol
[   12.331849] can: netlink gateway - max_hops=1
[   12.341562] Key type dns_resolver registered
[   12.350925] ThumbEE CPU extension supported.
[   12.359277] Registering SWP/SWPB emulation handler
[   12.378208] mmc_host mmc2: Bus speed = 50000000Hz (req 50000000Hz, actual 50000000HZ div = 0)
[   12.405114] mmc2: new high speed SDIO card at address 0001
[   12.432882] rtw88_8723cs mmc2:0001:1: Firmware version 11.0.0, H2C version 0
[   12.442075] rtw88_8723cs mmc2:0001:1: WOW Firmware version 11.0.0, H2C version 0
[   12.468002] mmc_host mmc1: Bus speed = 50000000Hz (req 52000000Hz, actual 50000000HZ div = 0)
[   12.478823] mmc1: new high speed MMC card at address 0001
[   12.513123] random: crng init done
[   12.526551] Loading compiled-in X.509 certificates
[   12.536035] mmcblk1: mmc1:0001 Origin 57.6 GiB
[   12.668843] cfg80211: Loading compiled-in X.509 certificates for regulatory database
[   12.748856] Loaded X.509 cert 'sforshee: 00b28ddf47aef9cea7'
[   12.779423] Loaded X.509 cert 'wens: 61c038651aabdcf94bd0ac7ff06c7248db18c600'
[   12.803298] clk: Disabling unused clocks
[   12.811516] PM: genpd: Disabling unused power domains
[   12.839218] Freeing unused kernel image (initmem) memory: 1024K
[   12.864167] Run /init as init process
[   12.872406]   with arguments:
[   12.880511]     /init
[   12.888442]   with environment:
[   12.896250]     HOME=/
[   12.903762]     TERM=linux
[   12.910964]     storagemedia=emmc
[   12.918014]     uboot_logo=0x02000000@0x9dc00000
[   12.924954]     SecureBootCheckOk=0
[   13.190300] faux_driver regulatory: Direct firmware load for regulatory.db failed with error -2
[   13.204260]  mmcblk1: p1(data)
[   13.211692] cfg80211: failed to load regulatory.db
[   13.234164] mmcblk1boot0: mmc1:0001 Origin 4.00 MiB
[   13.251132] taq102-initramfs 20260908-030330-f001466: init running
[   13.291082] taq102-initramfs 20260908-030330-f001466: diagnostic image, kernel owns the USB console
[   13.309632] rtw88_8723cs mmc2:0001:1: efuse MAC invalid, using random
[   13.318891] taq102-initramfs 20260908-030330-f001466: NO gadget -- no console will appear
[   13.376781] mmcblk1boot1: mmc1:0001 Origin 4.00 MiB
[   13.404813] mmcblk1rpmb: mmc1:0001 Origin 4.00 MiB, chardev (238:0)
[   13.458779] taq102-display: no PHY module for 7.3.0-rc2-g28924df2a08f-dirty; the kernel must carry the driver itself
[   13.522037] taq102-initramfs 20260908-030330-f001466: backlight 255 of 255
[   13.597485] taq102-initramfs 20260908-030330-f001466: rescued a previous ramoops from 0x68100000
[   14.109088] EXT4-fs (mmcblk1p1): recovery complete
[   14.118820] EXT4-fs (mmcblk1p1): mounted filesystem 056c3b81-6827-4622-972a-5b2f34e489ab r/w with ordered data mode. Quota mode: disabled.
[   14.137877] taq102-initramfs 20260908-030330-f001466: /data mounted from /dev/mmcblk1p1
[   14.199938] taq102-initramfs 20260908-030330-f001466: MAINLINE-USERSPACE-REACHED handing over to init
taq102-initramfs 20260908-030330-f001466: MAINLINE-USERSPACE-REACHED
taq102-initramfs 20260908-030330-f001466: MAINLINE-USERSPACE-REACHED
mount: mounting devpts on /dev/pts failed: No such file or directory
mount: mounting tmpfs on /dev/shm failed: No such file or directory
taq102-cube: insmod phy-rockchip-inno-dsidphy
[   14.361240] taq102-cube: insmod phy-rockchip-inno-dsidphy

TAQ-102 rescue image
taq102 login: taq102-cube: ok phy-rockchip-inno-dsidphy
[   14.494327] Console: switching to colour dummy device 80x30
[   14.496845] rockchip-drm display-subsystem: bound 1010e000.vop (ops 0xc11df848)
[   14.497273] rockchip-drm display-subsystem: bound lvds (ops 0xc11e37e4)
[   14.498769] taq102-cube: ok phy-rockchip-inno-dsidphy
[   14.500743] rockchip-drm display-subsystem: [drm] [PLANE:35:plane-0] pixel format with alpha exposed but blend mode not setup. Please fix.
[   14.500955] rockchip-drm display-subsystem: [drm] [PLANE:37:plane-1] pixel format with alpha exposed but blend mode not setup. Please fix.
[   14.502728] [drm] Initialized rockchip 1.0.0 for display-subsystem on minor 0
[   14.657812] Console: switching to colour frame buffer device 128x37
[   14.669384] taq102-ssh: dropbear listening on 22
[   14.739938] rockchip-drm display-subsystem: [drm] fb0: rockchipdrmfb frame buffer device
Successfully initialized wpa_supplicant
udhcpc: started, v1.37.0
udhcpc: broadcasting discover
taq102-cube: LVDS-1 is connected, modes: 1024x600 
[   15.680520] taq102-cube: LVDS-1 is connected, modes: 1024x600 
taq102-cube: insmod drm_shmem_helper
[   15.682244] taq102-cube: insmod drm_shmem_helper
taq102-cube: ok drm_shmem_helper
taq102-cube: insmod gpu-sched
[   15.754224] taq102-cube: ok drm_shmem_helper
[   15.755553] taq102-cube: insmod gpu-sched
taq102-cube: ok gpu-sched
[   15.825496] taq102-cube: ok gpu-sched
taq102-cube: insmod lima
[   15.844531] taq102-cube: insmod lima
[   15.934410] lima 10090000.gpu: gp - mali400 version major 1 minor 1
[   15.961122] lima 10090000.gpu: pp0 - mali400 version major 1 minor 1
[   15.973366] lima 10090000.gpu: pp1 - mali400 version major 1 minor 1
[   15.982230] lima 10090000.gpu: l2_cache0 64K, 4-way, 64byte cache line, 64bit external bus
[   16.004397] lima 10090000.gpu: bus rate = 148500000
[   16.013040] lima 10090000.gpu: mod rate = 148500000
[   16.044380] [drm] Initialized lima 1.1.0 for 10090000.gpu on minor 1
taq102-cube: ok lima
[   16.092364] taq102-cube: ok lima
taq102-cube: render node up: card0 card1 renderD128 
[   16.194328] taq102-cube: render node up: card0 card1 renderD128 
taq102-cube: touch /dev/input/event0, power key /dev/input/event1
[   16.326171] taq102-cube: touch /dev/input/event0, power key /dev/input/event1
open: No such file or directory
open: No such file or directory
[   16.465946] Console: switching to colour dummy device 80x30
[   16.466899] taq102-app: fbcon unbound from /sys/class/vtconsole/vtcon1
[   16.468050] taq102-app: starting /usr/bin/glcube (attempt 1)
[   17.451028] warning: `glcube' uses wireless extensions which will stop working for Wi-Fi 7 hardware; use nl80211
udhcpc: broadcasting discover
[   18.698088] wlan0: authenticate with 00:00:5e:00:53:01 (local address=22:bb:21:f1:07:5a)
[   18.829868] wlan0: send auth to 00:00:5e:00:53:01 (try 1/3)
[   18.853917] wlan0: authenticated
[   18.864420] wlan0: associate with 00:00:5e:00:53:01 (try 1/3)
[   18.884172] wlan0: RX AssocResp from 00:00:5e:00:53:01 (capab=0x1831 status=0 aid=19)
[   18.897034] wlan0: associated
[   18.954448] wlan0: Limiting TX power to 30 (30 - 0) dBm as advertised by 00:00:5e:00:53:01
udhcpc: broadcasting discover
udhcpc: broadcasting select for 192.168.1.79, server 192.168.1.1
udhcpc: lease of 192.168.1.79 obtained from 192.168.1.1, lease time 43200
deleting routers
adding dns 1.1.1.1
adding dns 1.0.0.1
[   21.712471] taq102-wifi: mdnsd announcing taq102.local on wlan0

TAQ-102 rescue image
taq102 login: root
login[95]: root login on 'ttyGS0'
# echo IPMARK; ip -4 -br addr show wlan0; uname -v
IPMARK
BusyBox v1.37.0 (2026-09-08 03:13:49 CEST) multi-call binary.

Usage: ip [OPTIONS] address|route|link|tunnel|neigh|rule [ARGS]

OPTIONS := -f[amily] inet|inet6|link | -o[neline]

ip addr add|del IFADDR dev IFACE | show|flush [dev IFACE] [to PREFIX]
ip route list|flush|add|del|change|append|replace|test ROUTE
ip link set IFACE [up|down] [arp on|off] [multicast on|off]
	[promisc on|off] [mtu NUM] [name NAME] [qlen NUM] [address MAC]
	[master IFACE | nomaster] [netns PID] [type TYPE ARGS]
ip tunnel add|change|del|show [NAME]
	[mode ipip|gre|sit] [remote ADDR] [local ADDR] [ttl TTL]
ip neigh show|flush [to PREFIX] [dev DEV] [nud STATE]
ip rule [list] | add|del SELECTOR ACTION
#27 SMP Wed Sep  9 03:43:28 CEST 2026
# echo IP2; ip addr show wlan0 | grep inet; hostname
IP2
    inet 192.168.1.79/24 brd 192.168.1.255 scope global wlan0
    inet6 fe80::20bb:21ff:fef1:75a/64 scope link 
taq102
# 