-0x000000008fffffff]
[    0.000000]   HighMem  [mem 0x0000000090000000-0x000000009fffffff]
[    0.000000] Movable zone start for each node
[    0.000000] Early memory node ranges
[    0.000000]   node   0: [mem 0x0000000060000000-0x00000000683fffff]
[    0.000000]   node   0: [mem 0x0000000069200000-0x000000009dbfffff]
[    0.000000]   node   0: [mem 0x000000009dc00000-0x000000009de57fff]
[    0.000000]   node   0: [mem 0x000000009de58000-0x000000009fffffff]
[    0.000000] Initmem setup node 0 [mem 0x0000000060000000-0x000000009fffffff]
[    0.000000] On node 0, zone Normal: 1536 pages in unavailable ranges
[    0.000000] percpu: Embedded 17 pages/cpu s40460 r8192 d20980 u69632
[    0.000000] pcpu-alloc: s40460 r8192 d20980 u69632 alloc=17*4096
[    0.000000] pcpu-alloc: [0] 0 [0] 1 [0] 2 [0] 3 
[    0.000000] Kernel command line: console=ttyFIQ0 androidboot.baseband=N/A androidboot.veritymode=enforcing androidboot.hardware=rk30board androidboot.console=ttyFIQ0 init=/init  mtdparts=rk29xxnand:0x00002000@0x00000000(parameter),0x00002000@0x00002000(uboot),0x00002000@0x00004000(trust),0x00002000@0x00006000(misc),0x00008000@0x00008000(resource),0x00010000@0x00010000(kernel),0x00010000@0x00020000(boot),0x00020000@0x00030000(recovery),0x00038000@0x00050000(backup),0x00002000@0x00088000(security),0x0080000@0x0008a000(cache),0x00300000@0x0010a000(system),0x00008000@0x0040a000(metadata),0x00060000@0x00412000(vendor),0x00030000@0x00472000(oem),0x00000400@0x004a2000(frp),-@0x004a2400(userdata) storagemedia=emmc androidboot.deviceid=CPTP_RK3126_TAQ-102_A01 uboot_logo=0x02000000@0x9dc00000 loader.timestamp=2021-05-17_10:08:05 adc.incre=0 SecureBootCheckOk=0 console=tty0 console=ttyGS0 ignore_loglevel consoleblank=0 nosmp fw_devlink=off blkdevparts=mmcblk1:-@0x94880000(data)
[    0.000000] Unknown kernel command line parameters "storagemedia=emmc uboot_logo=0x02000000@0x9dc00000 SecureBootCheckOk=0", will be passed to user space.
[    0.000000] printk: log buffer data + meta data: 131072 + 409600 = 540672 bytes
[    0.000000] Dentry cache hash table entries: 131072 (order: 7, 524288 bytes, linear)
[    0.000000] Inode-cache hash table entries: 65536 (order: 6, 262144 bytes, linear)
[    0.000000] Built 1 zonelists, mobility grouping on.  Total pages: 258560
[    0.000000] mem auto-init: stack:all(zero), heap alloc:off, heap free:off
[    0.000000] SLUB: HWalign=64, Order=0-3, MinObjects=0, CPUs=4, Nodes=1
[    0.000000] rcu: Hierarchical RCU implementation.
[    0.000000] rcu: 	RCU event tracing is enabled.
[    0.000000] rcu: 	RCU restricting CPUs from NR_CPUS=16 to nr_cpu_ids=4.
[    0.000000] rcu: RCU calculated value of scheduler-enlistment delay is 10 jiffies.
[    0.000000] rcu: Adjusting geometry for rcu_fanout_leaf=16, nr_cpu_ids=4
[    0.000000] NR_IRQS: 16, nr_irqs: 16, preallocated irqs: 16
[    0.000000] rcu: srcu_init: Setting srcu_struct sizes based on contention.
[    0.000000] clocksource: jiffies: mask: 0xffffffff max_cycles: 0xffffffff, max_idle_ns: 19112604462750000 ns
[    0.000000] arch_timer: cp15 timer running at 24.00MHz (sec-phys).
[    0.000000] clocksource: arch_sys_counter: mask: 0xffffffffffffff max_cycles: 0x588fe9dc0, max_idle_ns: 440795202592 ns
[    0.000004] sched_clock: 56 bits at 24MHz, resolution 41ns, wraps every 4398046511097ns
[    0.000046] Switching to timer-based delay loop, resolution 41ns
[    0.003348] clocksource: rk_timer: mask: 0xffffffff max_cycles: 0xffffffff, max_idle_ns: 79635851949 ns
[    0.003414] sched_clock: 32 bits at 24MHz, resolution 41ns, wraps every 89478484971ns
[    0.003539] Too many timer definitions for 'rk_timer'
[    0.003554] Failed to initialize '/timer@20044040': -22
[    0.003693] Too many timer definitions for 'rk_timer'
[    0.003707] Failed to initialize '/timer@20044060': -22
[    0.003831] Too many timer definitions for 'rk_timer'
[    0.003844] Failed to initialize '/timer@20044080': -22
[    0.003967] Too many timer definitions for 'rk_timer'
[    0.003981] Failed to initialize '/timer@200440a0': -22
[    0.007575] Console: colour dummy device 80x30
[    0.007636] printk: legacy console [tty0] enabled
[    0.010603] Calibrating delay loop (skipped), value calculated using timer frequency.. 48.00 BogoMIPS (lpj=240000)
[    0.010740] CPU: Testing write buffer coherency: ok
[    0.010956] pid_max: default: 32768 minimum: 301
[    0.011837] Mount-cache hash table entries: 2048 (order: 1, 8192 bytes, linear)
[    0.011982] Mountpoint-cache hash table entries: 2048 (order: 1, 8192 bytes, linear)
[    0.013244] VFS: Finished mounting rootfs on nullfs
[    0.015435] /cpus/cpu@f00 missing clock-frequency property
[    0.015623] /cpus/cpu@f01 missing clock-frequency property
[    0.015746] /cpus/cpu@f02 missing clock-frequency property
[    0.015869] /cpus/cpu@f03 missing clock-frequency property
[    0.015963] CPU0: thread -1, cpu 0, socket 15, mpidr 80000f00
[    0.021368] Setting up static identity map for 0x60100000 - 0x60100060
[    0.022129] rcu: Hierarchical SRCU implementation.
[    0.022221] rcu: 	Max phase no-delay instances is 1000.
[    0.023511] Timer migration: 1 hierarchy levels; 8 children per group; 1 crossnode level
[    0.025365] smp: Bringing up secondary CPUs ...
[    0.025471] smp: Brought up 1 node, 1 CPU
[    0.025541] SMP: Total of 1 processors activated (48.00 BogoMIPS).
[    0.025616] CPU: All CPU(s) started in SVC mode.
[    0.027092] Memory: 954764K/1034240K available (16384K kernel code, 1810K rwdata, 4788K rodata, 1024K init, 277K bss, 51808K reserved, 24576K cma-reserved, 235168K highmem)
[    0.028563] devtmpfs: initialized
[    0.050898] VFP support v0.3: implementor 41 architecture 2 part 30 variant 7 rev 5
[    0.051842] posixtimers hash table entries: 2048 (order: 2, 16384 bytes, linear)
[    0.052159] futex hash table entries: 1024 (65536 bytes on 1 NUMA nodes, total 64 KiB, linear).
[    0.058555] NET: Registered PF_NETLINK/PF_ROUTE protocol family
[    0.061227] DMA: preallocated 256 KiB pool for atomic coherent allocations
[    0.070746] thermal_sys: Registered thermal governor 'step_wise'
[    0.071049] cpuidle: using governor menu
[    0.072426] hw-breakpoint: found 5 (+1 reserved) breakpoint and 4 watchpoint registers.
[    0.072546] hw-breakpoint: maximum watchpoint size is 8 bytes.
[    0.073618] Serial: AMBA PL011 UART driver
[    0.076269] pstore: Using crash dump compression: deflate
[    0.076383] printk: legacy console [ramoops-1] enabled
[    0.078662] pstore: Registered ramoops as persistent store backend
[    0.078783] ramoops: using 0xf0000@0x68100000, ecc: 0
[    0.118870] rockchip-gpio 2007c000.gpio: probed /pinctrl/gpio@2007c000
[    0.121171] rockchip-gpio 20080000.gpio: probed /pinctrl/gpio@20080000
[    0.123411] rockchip-gpio 20084000.gpio: probed /pinctrl/gpio@20084000
[    0.125494] rockchip-gpio 20088000.gpio: probed /pinctrl/gpio@20088000
[    0.182948] iommu: Default domain type: Translated
[    0.183091] iommu: DMA domain TLB invalidation policy: strict mode
[    0.195583] SCSI subsystem initialized
[    0.196518] libata version 3.00 loaded.
[    0.197568] usbcore: registered new interface driver usbfs
[    0.
[missed 5086 bytes]
[    6.878796] Freeing initrd memory: 13468K
[   12.006732] input: silead_ts as /devices/platform/2005a000.i2c/i2c-2/2-0040/input/input0
[   12.048167] input: rk805 pwrkey as /devices/platform/2005a000.i2c/i2c-2/2-001a/rk805-pwrkey.3.auto/input/input1
[   12.069464] rk808-rtc rk808-rtc.4.auto: registered as rtc0
[   12.078014] rk808-rtc rk808-rtc.4.auto: setting system clock to 2026-09-10T00:26:32 UTC (1788999992)
[   12.112288] rk816-charger rk816-charger.6.auto: restored 100% from the last boot
[   12.154940] usbcore: registered new interface driver usbhid
[   12.161371] usbhid: USB HID core driver
[   12.169399] dwmmc_rockchip 10218000.mmc: Using external DMA controller.
[   12.177979] dwmmc_rockchip 1021c000.mmc: Using external DMA controller.
[   12.184598] dwmmc_rockchip 10218000.mmc: Version ID is 270a
[   12.191045] dwmmc_rockchip 1021c000.mmc: Version ID is 270a
[   12.197393] dwmmc_rockchip 10218000.mmc: DW MMC controller at irq 60,32 bit host data width,256 deep fifo
[   12.203978] dwmmc_rockchip 10218000.mmc: allocated mmc-pwrseq
[   12.210224] mmc_host mmc2: card is non-removable.
[   12.216768] dwmmc_rockchip 1021c000.mmc: DW MMC controller at irq 61,32 bit host data width,256 deep fifo
[   12.225884] mmc_host mmc1: card is non-removable.
[   12.241514] hw perfevents: enabled with armv7_cortex_a7 PMU driver, 5 (8000000f) counters available
[   12.253572] mmc_host mmc1: Bus speed = 400000Hz (req 400000Hz, actual 400000HZ div = 0)
[   12.262468] NET: Registered PF_INET6 protocol family
[   12.270377] mmc_host mmc2: Bus speed = 400000Hz (req 400000Hz, actual 400000HZ div = 0)
[   12.284235] Segment Routing with IPv6
[   12.293535] In-situ OAM (IOAM) with IPv6
[   12.302357] NET: Registered PF_PACKET protocol family
[   12.310679] can: controller area network core
[   12.319234] NET: Registered PF_CAN protocol family
[   12.327516] can: raw protocol
[   12.336017] can: broadcast manager protocol
[   12.344299] can: netlink gateway - max_hops=1
[   12.353768] Key type dns_resolver registered
[   12.363257] ThumbEE CPU extension supported.
[   12.371552] Registering SWP/SWPB emulation handler
[   12.390836] mmc_host mmc2: Bus speed = 50000000Hz (req 50000000Hz, actual 50000000HZ div = 0)
[   12.401165] mmc2: new high speed SDIO card at address 0001
[   12.416303] rtw88_8723cs mmc2:0001:1: Firmware version 11.0.0, H2C version 0
[   12.425031] rtw88_8723cs mmc2:0001:1: WOW Firmware version 11.0.0, H2C version 0
taq102-initramfs 20260908-030330-f001466: MAINLINE-USERSPACE-REACHED
taq102-initramfs 20260908-030330-f001466: MAINLINE-USERSPACE-REACHED
mount: mounting devpts on /dev/pts failed: No such file or directory
mount: mounting tmpfs on /dev/shm failed: No such file or directory
taq102-cube: insmod phy-rockchip-inno-dsidphy

TAQ-102 rescue image
taq102 login: taq102-cube: ok phy-rockchip-inno-dsidphy
[   12.472507] mmc_host mmc1: Bus speed = 50000000Hz (req 52000000Hz, actual 50000000HZ div = 0)
[   12.483136] mmc1: new high speed MMC card at address 0001
[   12.526211] mmcblk1: mmc1:0001 Origin 57.6 GiB
[   12.565714] Loading compiled-in X.509 certificates
[   12.690963] cfg80211: Loading compiled-in X.509 certificates for regulatory database
[   12.735316] random: crng init done
[   12.789398] Loaded X.509 cert 'sforshee: 00b28ddf47aef9cea7'
[   12.821484] Loaded X.509 cert 'wens: 61c038651aabdcf94bd0ac7ff06c7248db18c600'
[   12.845459] clk: Disabling unused clocks
[   12.853725] PM: genpd: Disabling unused power domains
[   12.881365] Freeing unused kernel image (initmem) memory: 1024K
[   12.906307] Run /init as init process
[   12.914583]   with arguments:
[   12.922723]     /init
[   12.930658]   with environment:
[   12.938502]     HOME=/
[   12.946048]     TERM=linux
[   12.953288]     storagemedia=emmc
[   12.960393]     uboot_logo=0x02000000@0x9dc00000
[   12.967370]     SecureBootCheckOk=0
[   13.276242] taq102-initramfs 20260908-030330-f001466: init running
[   13.319535] taq102-initramfs 20260908-030330-f001466: diagnostic image, kernel owns the USB console
[   13.337273] taq102-initramfs 20260908-030330-f001466: NO gadget -- no console will appear
[   13.507555] taq102-display: no PHY module for 7.3.0-rc2-g28924df2a08f-dirty; the kernel must carry the driver itself
[   13.619325] taq102-initramfs 20260908-030330-f001466: backlight 255 of 255
[   13.750046] taq102-initramfs 20260908-030330-f001466: rescued a previous ramoops from 0x68100000
[   13.806564] taq102-initramfs 20260908-030330-f001466: no partition at LBA 4867072; /data left empty
[   13.904500] taq102-initramfs 20260908-030330-f001466: MAINLINE-USERSPACE-REACHED handing over to init
[   14.056241] taq102-ssh: no /data; not starting
[   14.130486] taq102-cube: insmod phy-rockchip-inno-dsidphy
[   14.241114] taq102-cube: ok phy-rockchip-inno-dsidphy
[   14.285936] Console: switching to colour dummy device 80x30
[   14.295500] rockchip-drm display-subsystem: bound 1010e000.vop (ops 0xc11df848)
[   14.295924] rockchip-drm display-subsystem: bound lvds (ops 0xc11e37e4)
[   14.305529] rockchip-drm display-subsystem: [drm] [PLANE:35:plane-0] pixel format with alpha exposed but blend mode not setup. Please fix.
[   14.305748] rockchip-drm display-subsystem: [drm] [PLANE:37:plane-1] pixel format with alpha exposed but blend mode not setup. Please fix.
[   14.307511] [drm] Initialized rockchip 1.0.0 for display-subsystem on minor 0
[   14.392947] Console: switching to colour frame buffer device 128x37
[   14.485736] rockchip-drm display-subsystem: [drm] fb0: rockchipdrmfb frame buffer device
[   14.687619] faux_driver regulatory: Direct firmware load for regulatory.db failed with error -2
[   14.688158] cfg80211: failed to load regulatory.db
[   14.690379]  mmcblk1: p1(data)
[   14.692554] mmcblk1boot0: mmc1:0001 Origin 4.00 MiB
[   14.718733] mmcblk1boot1: mmc1:0001 Origin 4.00 MiB
[   14.736579] mmcblk1rpmb: mmc1:0001 Origin 4.00 MiB, chardev (238:0)
taq102-cube: LVDS-1 is connected, modes: 1024x600 
[   15.419518] taq102-cube: LVDS-1 is connected, modes: 1024x600 
taq102-cube: insmod drm_shmem_helper
[   15.443812] taq102-cube: insmod drm_shmem_helper
taq102-cube: ok drm_shmem_helper
taq102-cube: insmod gpu-sched
[   15.547758] taq102-cube: ok drm_shmem_helper
[   15.566380] taq102-cube: insmod gpu-sched
taq102-cube: ok gpu-sched
[   15.657810] taq102-cube: ok gpu-sched
taq102-cube: insmod lima
[   15.676686] taq102-cube: insmod lima
[   15.762199] lima 10090000.gpu: gp - mali400 version major 1 minor 1
[   15.789820] lima 10090000.gpu: pp0 - mali400 version major 1 minor 1
[   15.805576] lima 10090000.gpu: pp1 - mali400 version major 1 minor 1
[   15.813534] lima 10090000.gpu: l2_cache0 64K, 4-way, 64byte cache line, 64bit external bus
[   15.846607] lima 10090000.gpu: bus rate = 148500000
[   15.854235] lima 10090000.gpu: mod rate = 148500000
[   15.886466] [drm] Initialized lima 1.1.0 for 10090000.gpu on minor 1
[   15.902699] rtw88_8723cs mmc2:0001:1: failed to poll offset=0x6 mask=0x2 value=0x2
taq102-cube: ok lima
[   15.940640] taq102-cube: ok lima
taq102-cube: render node up: card0 card1 renderD128 
[   16.049672] taq102-cube: render node up: card0 card1 renderD128 
taq102-cube: touch /dev/input/event0, power key /dev/input/event1
[   16.229389] taq102-cube: touch /dev/input/event0, power key /dev/input/event1
open: No such file or directory
open: No such file or directory
[   16.436278] Console: switching to colour dummy device 80x30
[   16.437227] taq102-app: fbcon unbound from /sys/class/vtconsole/vtcon2
[   16.439370] taq102-app: starting /usr/bin/glcube (attempt 1)
[   19.608077] rtw88_8723cs mmc2:0001:1: failed to poll offset=0x5f8 mask=0xff value=0x0
[   22.036040] rtw88_8723cs mmc2:0001:1: failed to poll offset=0x6 mask=0x2 value=0x2
[   22.036635] rtw88_8723cs mmc2:0001:1: mac power on failed
[   22.036806] rtw88_8723cs mmc2:0001:1: failed to power on mac
[   22.036917] rtw88_8723cs mmc2:0001:1: failed to setup chip efuse info
[   22.037029] rtw88_8723cs mmc2:0001:1: failed to setup chip information
[   22.041502] rtw88_8723cs mmc2:0001:1: probe with driver rtw88_8723cs failed with error -16
/usr/sbin/taq102-wifi: line 45: can't create /sys/class/rkwifi/driver: nonexistent directory
/usr/sbin/taq102-wifi: line 46: can't create /sys/class/rkwifi/power: nonexistent directory
/usr/sbin/taq102-wifi: line 48: can't create /sys/class/rkwifi/power: nonexistent directory
/usr/sbin/taq102-wifi: line 49: can't create /sys/class/rkwifi/driver: nonexistent directory
[   36.066363] taq102-wifi: no wlan0. The chip needs power removed -- a full power-off, not a reboot.
8723cs did not give us wlan0

TAQ-102 rescue image
taq102 login: root
login[86]: root login on 'ttyGS0'
# sync; /usr/sbin/reboot-loader
