-0x000000008fffffff]
[    0.000000]   HighMem  [mem 0x0000000090000000-0x000000009fffffff]
[    0.000000] Movable zone start for each node
[    0.000000] Early memory node ranges
[    0.000000]   node   0: [mem 0x0000000060000000-0x00000000683fffff]
[    0.000000]   node   0: [mem 0x0000000069200000-0x000000009dbfffff]
[    0.000000]   node   0: [mem 0x000000009dc00000-0x000000009de57fff]
[    0.000000]   node   0: [mem 0x000000009de58000-0x000000009fffffff]
[    0.000000] Initmem setup node 0 [mem 0x0000000060000000-0x000000009fffffff]
[    0.000000] On node 0, zone Normal: 1536 pages in unavailable ranges
[    0.000000] percpu: Embedded 17 pages/cpu s40460 r8192 d20980 u69632
[    0.000000] pcpu-alloc: s40460 r8192 d20980 u69632 alloc=17*4096
[    0.000000] pcpu-alloc: [0] 0 [0] 1 [0] 2 [0] 3 
[    0.000000] Kernel command line: console=ttyFIQ0 androidboot.baseband=N/A androidboot.veritymode=enforcing androidboot.hardware=rk30board androidboot.console=ttyFIQ0 init=/init  mtdparts=rk29xxnand:0x00002000@0x00000000(parameter),0x00002000@0x00002000(uboot),0x00002000@0x00004000(trust),0x00002000@0x00006000(misc),0x00008000@0x00008000(resource),0x00010000@0x00010000(kernel),0x00010000@0x00020000(boot),0x00020000@0x00030000(recovery),0x00038000@0x00050000(backup),0x00002000@0x00088000(security),0x0080000@0x0008a000(cache),0x00300000@0x0010a000(system),0x00008000@0x0040a000(metadata),0x00060000@0x00412000(vendor),0x00030000@0x00472000(oem),0x00000400@0x004a2000(frp),-@0x004a2400(userdata) storagemedia=emmc androidboot.deviceid=CPTP_RK3126_TAQ-102_A01 uboot_logo=0x02000000@0x9dc00000 loader.timestamp=2021-05-17_10:08:05 adc.incre=0 SecureBootCheckOk=0 console=tty0 console=ttyGS0 ignore_loglevel consoleblank=0 nosmp fw_devlink=off blkdevparts=mmcblk1:-@0x94880000(data)
[    0.000000] Unknown kernel command line parameters "storagemedia=emmc uboot_logo=0x02000000@0x9dc00000 SecureBootCheckOk=0", will be passed to user space.
[    0.000000] printk: log buffer data + meta data: 131072 + 409600 = 540672 bytes
[    0.000000] Dentry cache hash table entries: 131072 (order: 7, 524288 bytes, linear)
[    0.000000] Inode-cache hash table entries: 65536 (order: 6, 262144 bytes, linear)
[    0.000000] Built 1 zonelists, mobility grouping on.  Total pages: 258560
[    0.000000] mem auto-init: stack:all(zero), heap alloc:off, heap free:off
[    0.000000] SLUB: HWalign=64, Order=0-3, MinObjects=0, CPUs=4, Nodes=1
[    0.000000] rcu: Hierarchical RCU implementation.
[    0.000000] rcu: 	RCU event tracing is enabled.
[    0.000000] rcu: 	RCU restricting CPUs from NR_CPUS=16 to nr_cpu_ids=4.
[    0.000000] rcu: RCU calculated value of scheduler-enlistment delay is 10 jiffies.
[    0.000000] rcu: Adjusting geometry for rcu_fanout_leaf=16, nr_cpu_ids=4
[    0.000000] NR_IRQS: 16, nr_irqs: 16, preallocated irqs: 16
[    0.000000] rcu: srcu_init: Setting srcu_struct sizes based on contention.
[    0.000000] clocksource: jiffies: mask: 0xffffffff max_cycles: 0xffffffff, max_idle_ns: 19112604462750000 ns
[    0.000000] arch_timer: cp15 timer running at 24.00MHz (sec-phys).
[    0.000000] clocksource: arch_sys_counter: mask: 0xffffffffffffff max_cycles: 0x588fe9dc0, max_idle_ns: 440795202592 ns
[    0.000004] sched_clock: 56 bits at 24MHz, resolution 41ns, wraps every 4398046511097ns
[    0.000047] Switching to timer-based delay loop, resolution 41ns
[    0.003347] clocksource: rk_timer: mask: 0xffffffff max_cycles: 0xffffffff, max_idle_ns: 79635851949 ns
[    0.003411] sched_clock: 32 bits at 24MHz, resolution 41ns, wraps every 89478484971ns
[    0.003535] Too many timer definitions for 'rk_timer'
[    0.003550] Failed to initialize '/timer@20044040': -22
[    0.003690] Too many timer definitions for 'rk_timer'
[    0.003703] Failed to initialize '/timer@20044060': -22
[    0.003827] Too many timer definitions for 'rk_timer'
[    0.003840] Failed to initialize '/timer@20044080': -22
[    0.003965] Too many timer definitions for 'rk_timer'
[    0.003978] Failed to initialize '/timer@200440a0': -22
[    0.007577] Console: colour dummy device 80x30
[    0.007638] printk: legacy console [tty0] enabled
[    0.010607] Calibrating delay loop (skipped), value calculated using timer frequency.. 48.00 BogoMIPS (lpj=240000)
[    0.010741] CPU: Testing write buffer coherency: ok
[    0.010958] pid_max: default: 32768 minimum: 301
[    0.011838] Mount-cache hash table entries: 2048 (order: 1, 8192 bytes, linear)
[    0.011983] Mountpoint-cache hash table entries: 2048 (order: 1, 8192 bytes, linear)
[    0.013240] VFS: Finished mounting rootfs on nullfs
[    0.015436] /cpus/cpu@f00 missing clock-frequency property
[    0.015621] /cpus/cpu@f01 missing clock-frequency property
[    0.015746] /cpus/cpu@f02 missing clock-frequency property
[    0.015868] /cpus/cpu@f03 missing clock-frequency property
[    0.015961] CPU0: thread -1, cpu 0, socket 15, mpidr 80000f00
[    0.021338] Setting up static identity map for 0x60100000 - 0x60100060
[    0.022099] rcu: Hierarchical SRCU implementation.
[    0.022190] rcu: 	Max phase no-delay instances is 1000.
[    0.023487] Timer migration: 1 hierarchy levels; 8 children per group; 1 crossnode level
[    0.025335] smp: Bringing up secondary CPUs ...
[    0.025438] smp: Brought up 1 node, 1 CPU
[    0.025511] SMP: Total of 1 processors activated (48.00 BogoMIPS).
[    0.025587] CPU: All CPU(s) started in SVC mode.
[    0.027083] Memory: 954764K/1034240K available (16384K kernel code, 1810K rwdata, 4788K rodata, 1024K init, 277K bss, 51808K reserved, 24576K cma-reserved, 235168K highmem)
[    0.028564] devtmpfs: initialized
[    0.050941] VFP support v0.3: implementor 41 architecture 2 part 30 variant 7 rev 5
[    0.051876] posixtimers hash table entries: 2048 (order: 2, 16384 bytes, linear)
[    0.052197] futex hash table entries: 1024 (65536 bytes on 1 NUMA nodes, total 64 KiB, linear).
[    0.058547] NET: Registered PF_NETLINK/PF_ROUTE protocol family
[    0.061185] DMA: preallocated 256 KiB pool for atomic coherent allocations
[    0.070698] thermal_sys: Registered thermal governor 'step_wise'
[    0.070989] cpuidle: using governor menu
[    0.072365] hw-breakpoint: found 5 (+1 reserved) breakpoint and 4 watchpoint registers.
[    0.072486] hw-breakpoint: maximum watchpoint size is 8 bytes.
[    0.073561] Serial: AMBA PL011 UART driver
[    0.075954] pstore: Using crash dump compression: deflate
[    0.076073] printk: legacy console [ramoops-1] enabled
[    0.078400] pstore: Registered ramoops as persistent store backend
[    0.078520] ramoops: using 0xf0000@0x68100000, ecc: 0
[    0.118527] rockchip-gpio 2007c000.gpio: probed /pinctrl/gpio@2007c000
[    0.120736] rockchip-gpio 20080000.gpio: probed /pinctrl/gpio@20080000
[    0.123061] rockchip-gpio 20084000.gpio: probed /pinctrl/gpio@20084000
[    0.125143] rockchip-gpio 20088000.gpio: probed /pinctrl/gpio@20088000
[    0.182601] iommu: Default domain type: Translated
[    0.182744] iommu: DMA domain TLB invalidation policy: strict mode
[    0.195227] SCSI subsystem initialized
[    0.196130] libata version 3.00 loaded.
[    0.197176] usbcore: registered new interface driver usbfs
[    0.
[missed 5086 bytes]
[    6.875483] Freeing initrd memory: 13468K
[   12.004411] input: silead_ts as /devices/platform/2005a000.i2c/i2c-2/2-0040/input/input0
[   12.045773] input: rk805 pwrkey as /devices/platform/2005a000.i2c/i2c-2/2-001a/rk805-pwrkey.3.auto/input/input1
[   12.067009] rk808-rtc rk808-rtc.4.auto: registered as rtc0
[   12.075581] rk808-rtc rk808-rtc.4.auto: setting system clock to 2026-09-10T00:36:34 UTC (1789000594)
[   12.109914] rk816-charger rk816-charger.6.auto: restored 100% from the last boot
[   12.152505] usbcore: registered new interface driver usbhid
[   12.158988] usbhid: USB HID core driver
[   12.167010] dwmmc_rockchip 10218000.mmc: Using external DMA controller.
[   12.174010] dwmmc_rockchip 10218000.mmc: Version ID is 270a
[   12.180517] dwmmc_rockchip 10218000.mmc: DW MMC controller at irq 60,32 bit host data width,256 deep fifo
[   12.189069] dwmmc_rockchip 1021c000.mmc: Using external DMA controller.
[   12.196016] dwmmc_rockchip 1021c000.mmc: Version ID is 270a
[   12.202702] dwmmc_rockchip 1021c000.mmc: DW MMC controller at irq 61,32 bit host data width,256 deep fifo
[   12.209740] mmc_host mmc1: card is non-removable.
[   12.216958] dwmmc_rockchip 10218000.mmc: allocated mmc-pwrseq
[   12.223890] mmc_host mmc2: card is non-removable.
[   12.241963] hw perfevents: enabled with armv7_cortex_a7 PMU driver, 5 (8000000f) counters available
[   12.253463] mmc_host mmc1: Bus speed = 400000Hz (req 400000Hz, actual 400000HZ div = 0)
[   12.262532] NET: Registered PF_INET6 protocol family
[   12.276135] Segment Routing with IPv6
[   12.284657] In-situ OAM (IOAM) with IPv6
[   12.293090] NET: Registered PF_PACKET protocol family
[   12.301067] can: controller area network core
[   12.309481] NET: Registered PF_CAN protocol family
[   12.317557] can: raw protocol
[   12.325889] can: broadcast manager protocol
[   12.334223] can: netlink gateway - max_hops=1
[   12.343570] Key type dns_resolver registered
[   12.352608] ThumbEE CPU extension supported.
[   12.360688] Registering SWP/SWPB emulation handler
[   12.424491] Loading compiled-in X.509 certificates
[   12.463252] mmc_host mmc2: Bus speed = 400000Hz (req 400000Hz, actual 400000HZ div = 0)
[   12.474661] mmc_host mmc1: Bus speed = 50000000Hz (req 52000000Hz, actual 50000000HZ div = 0)
[   12.484722] mmc1: new high speed MMC card at address 0001
[   12.505426] mmcblk1: mmc1:0001 Origin 57.6 GiB
[   12.529296]  mmcblk1: p1(data)
[   12.550677] cfg80211: Loading compiled-in X.509 certificates for regulatory database
[   12.561347] mmcblk1boot0: mmc1:0001 Origin 4.00 MiB
[   12.579035] mmc_host mmc2: Bus speed = 50000000Hz (req 50000000Hz, actual 50000000HZ div = 0)
[   12.594695] mmc2: new high speed SDIO card at address 0001
[   12.632078] rtw88_8723cs mmc2:0001:1: Firmware version 11.0.0, H2C version 0
[   12.660774] Loaded X.509 cert 'sforshee: 00b28ddf47aef9cea7'
[   12.689299] Loaded X.509 cert 'wens: 61c038651aabdcf94bd0ac7ff06c7248db18c600'
[   12.713100] clk: Disabling unused clocks
[   12.721302] PM: genpd: Disabling unused power domains
[   12.732973] random: crng init done
[   12.759073] Freeing unused kernel image (initmem) memory: 1024K
[   12.774006] Run /init as init process
[   12.781874]   with arguments:
[   12.789555]     /init
[   12.796985]   with environment:
[   12.804289]     HOME=/
[   12.811398]     TERM=linux
[   12.818333]     storagemedia=emmc
[   12.825060]     uboot_logo=0x02000000@0x9dc00000
[   12.831650]     SecureBootCheckOk=0
[   13.133850] taq102-initramfs 20260908-030330-f001466: init running
[   13.177285] taq102-initramfs 20260908-030330-f001466: diagnostic image, kernel owns the USB console
[   13.194899] taq102-initramfs 20260908-030330-f001466: NO gadget -- no console will appear
[   13.339355] rtw88_8723cs mmc2:0001:1: WOW Firmware version 11.0.0, H2C version 0
[   13.353695] faux_driver regulatory: Direct firmware load for regulatory.db failed with error -2
[   13.360969] cfg80211: failed to load regulatory.db
[   13.383689] taq102-display: no PHY module for 7.3.0-rc2-g28924df2a08f-dirty; the kernel must carry the driver itself
[   13.396805] mmcblk1boot1: mmc1:0001 Origin 4.00 MiB
[   13.464809] rtw88_8723cs mmc2:0001:1: efuse MAC invalid, using random
[   13.509972] taq102-initramfs 20260908-030330-f001466: backlight 255 of 255
[   13.522064] mmcblk1rpmb: mmc1:0001 Origin 4.00 MiB, chardev (238:0)
[   13.602356] taq102-initramfs 20260908-030330-f001466: rescued a previous ramoops from 0x68100000
[   14.117605] EXT4-fs (mmcblk1p1): recovery complete
[   14.127602] EXT4-fs (mmcblk1p1): mounted filesystem 056c3b81-6827-4622-972a-5b2f34e489ab r/w with ordered data mode. Quota mode: disabled.
[   14.146754] taq102-initramfs 20260908-030330-f001466: /data mounted from /dev/mmcblk1p1
[   14.209685] taq102-initramfs 20260908-030330-f001466: MAINLINE-USERSPACE-REACHED handing over to init
taq102-initramfs 20260908-030330-f001466: MAINLINE-USERSPACE-REACHED
taq102-initramfs 20260908-030330-f001466: MAINLINE-USERSPACE-REACHED
mount: mounting devpts on /dev/pts failed: No such file or directory
mount: mounting tmpfs on /dev/shm failed: No such file or directory
taq102-cube: insmod phy-rockchip-inno-dsidphy
[   14.386088] taq102-cube: insmod phy-rockchip-inno-dsidphy

TAQ-102 rescue image
taq102 login: taq102-cube: ok phy-rockchip-inno-dsidphy
[   14.518821] Console: switching to colour dummy device 80x30
[   14.522563] rockchip-drm display-subsystem: bound 1010e000.vop (ops 0xc11df848)
[   14.523220] rockchip-drm display-subsystem: bound lvds (ops 0xc11e37e4)
[   14.533616] rockchip-drm display-subsystem: [drm] [PLANE:35:plane-0] pixel format with alpha exposed but blend mode not setup. Please fix.
[   14.533838] rockchip-drm display-subsystem: [drm] [PLANE:37:plane-1] pixel format with alpha exposed but blend mode not setup. Please fix.
[   14.535811] taq102-cube: ok phy-rockchip-inno-dsidphy
[   14.538529] [drm] Initialized rockchip 1.0.0 for display-subsystem on minor 0
taq102-cube: LVDS-1 is connected, modes: 1024x600 
taq102-cube: insmod drm_shmem_helper
taq102-cube: ok drm_shmem_helper
taq102-cube: insmod gpu-sched
[   14.705888] taq102-cube: LVDS-1 is connected, modes: 1024x600 
[   14.706741] taq102-cube: insmod drm_shmem_helper
[   14.731216] taq102-ssh: dropbear listening on 22
[   14.763456] Console: switching to colour frame buffer device 128x37
[   14.811263] taq102-cube: ok drm_shmem_helper
[   14.812146] taq102-cube: insmod gpu-sched
[   14.884779] rockchip-drm display-subsystem: [drm] fb0: rockchipdrmfb frame buffer device
taq102-cube: ok gpu-sched
[   14.914101] taq102-cube: ok gpu-sched
taq102-cube: insmod lima
[   14.944040] taq102-cube: insmod lima
[   15.016438] lima 10090000.gpu: gp - mali400 version major 1 minor 1
[   15.047221] lima 10090000.gpu: pp0 - mali400 version major 1 minor 1
[   15.063143] lima 10090000.gpu: pp1 - mali400 version major 1 minor 1
[   15.072175] lima 10090000.gpu: l2_cache0 64K, 4-way, 64byte cache line, 64bit external bus
[   15.104270] lima 10090000.gpu: bus rate = 148500000
[   15.113061] lima 10090000.gpu: mod rate = 148500000
[   15.144370] [drm] Initialized lima 1.1.0 for 10090000.gpu on minor 1
taq102-cube: ok lima
[   15.192308] taq102-cube: ok lima
taq102-cube: render node up: card0 card1 renderD128 
[   15.287331] taq102-cube: render node up: card0 card1 renderD128 
taq102-cube: touch /dev/input/event0, power key /dev/input/event1
[   15.454238] taq102-cube: touch /dev/input/event0, power key /dev/input/event1
open: No such file or directory
open: No such file or directory
[   15.624130] Console: switching to colour dummy device 80x30
[   15.624855] taq102-app: fbcon unbound from /sys/class/vtconsole/vtcon1
[   15.625768] taq102-app: starting /usr/bin/glcube (attempt 1)
Successfully initialized wpa_supplicant
udhcpc: started, v1.37.0
udhcpc: broadcasting discover
[   17.393439] warning: `glcube' uses wireless extensions which will stop working for Wi-Fi 7 hardware; use nl80211
[   19.517723] wlan0: authenticate with 00:00:5e:00:53:01 (local address=06:11:04:fa:3c:c6)
udhcpc: broadcasting discover
[   19.650393] wlan0: send auth to 00:00:5e:00:53:01 (try 1/3)
[   19.704642] wlan0: authenticated
[   19.713336] wlan0: associate with 00:00:5e:00:53:01 (try 1/3)
[   19.754308] wlan0: RX AssocResp from 00:00:5e:00:53:01 (capab=0x1831 status=0 aid=17)
[   19.766456] wlan0: associated
[   19.855010] wlan0: Limiting TX power to 30 (30 - 0) dBm as advertised by 00:00:5e:00:53:01
udhcpc: broadcasting discover
udhcpc: broadcasting select for 192.168.1.76, server 192.168.1.1
udhcpc: lease of 192.168.1.76 obtained from 192.168.1.1, lease time 43200
deleting routers
adding dns 1.1.1.1
adding dns 1.0.0.1
[   23.150827] taq102-wifi: mdnsd announcing taq102.local on wlan0

TAQ-102 rescue image
taq102 login: root
login[95]: root login on 'ttyGS0'
# sync; reboot
