-0x000000008fffffff]
[    0.000000]   HighMem  [mem 0x0000000090000000-0x000000009fffffff]
[    0.000000] Movable zone start for each node
[    0.000000] Early memory node ranges
[    0.000000]   node   0: [mem 0x0000000060000000-0x00000000683fffff]
[    0.000000]   node   0: [mem 0x0000000069200000-0x000000009dbfffff]
[    0.000000]   node   0: [mem 0x000000009dc00000-0x000000009de57fff]
[    0.000000]   node   0: [mem 0x000000009de58000-0x000000009fffffff]
[    0.000000] Initmem setup node 0 [mem 0x0000000060000000-0x000000009fffffff]
[    0.000000] On node 0, zone Normal: 1536 pages in unavailable ranges
[    0.000000] percpu: Embedded 17 pages/cpu s40460 r8192 d20980 u69632
[    0.000000] pcpu-alloc: s40460 r8192 d20980 u69632 alloc=17*4096
[    0.000000] pcpu-alloc: [0] 0 [0] 1 [0] 2 [0] 3 
[    0.000000] Kernel command line: console=ttyFIQ0 androidboot.baseband=N/A androidboot.veritymode=enforcing androidboot.hardware=rk30board androidboot.console=ttyFIQ0 init=/init  mtdparts=rk29xxnand:0x00002000@0x00000000(parameter),0x00002000@0x00002000(uboot),0x00002000@0x00004000(trust),0x00002000@0x00006000(misc),0x00008000@0x00008000(resource),0x00010000@0x00010000(kernel),0x00010000@0x00020000(boot),0x00020000@0x00030000(recovery),0x00038000@0x00050000(backup),0x00002000@0x00088000(security),0x0080000@0x0008a000(cache),0x00300000@0x0010a000(system),0x00008000@0x0040a000(metadata),0x00060000@0x00412000(vendor),0x00030000@0x00472000(oem),0x00000400@0x004a2000(frp),-@0x004a2400(userdata) storagemedia=emmc androidboot.deviceid=CPTP_RK3126_TAQ-102_A01 uboot_logo=0x02000000@0x9dc00000 loader.timestamp=2021-05-17_10:08:05 adc.incre=0 SecureBootCheckOk=0 console=tty0 console=ttyGS0 ignore_loglevel consoleblank=0 nosmp fw_devlink=off blkdevparts=mmcblk1:-@0x94880000(data)
[    0.000000] Unknown kernel command line parameters "storagemedia=emmc uboot_logo=0x02000000@0x9dc00000 SecureBootCheckOk=0", will be passed to user space.
[    0.000000] printk: log buffer data + meta data: 131072 + 409600 = 540672 bytes
[    0.000000] Dentry cache hash table entries: 131072 (order: 7, 524288 bytes, linear)
[    0.000000] Inode-cache hash table entries: 65536 (order: 6, 262144 bytes, linear)
[    0.000000] Built 1 zonelists, mobility grouping on.  Total pages: 258560
[    0.000000] mem auto-init: stack:all(zero), heap alloc:off, heap free:off
[    0.000000] SLUB: HWalign=64, Order=0-3, MinObjects=0, CPUs=4, Nodes=1
[    0.000000] rcu: Hierarchical RCU implementation.
[    0.000000] rcu: 	RCU event tracing is enabled.
[    0.000000] rcu: 	RCU restricting CPUs from NR_CPUS=16 to nr_cpu_ids=4.
[    0.000000] rcu: RCU calculated value of scheduler-enlistment delay is 10 jiffies.
[    0.000000] rcu: Adjusting geometry for rcu_fanout_leaf=16, nr_cpu_ids=4
[    0.000000] NR_IRQS: 16, nr_irqs: 16, preallocated irqs: 16
[    0.000000] rcu: srcu_init: Setting srcu_struct sizes based on contention.
[    0.000000] clocksource: jiffies: mask: 0xffffffff max_cycles: 0xffffffff, max_idle_ns: 19112604462750000 ns
[    0.000000] arch_timer: cp15 timer running at 24.00MHz (sec-phys).
[    0.000000] clocksource: arch_sys_counter: mask: 0xffffffffffffff max_cycles: 0x588fe9dc0, max_idle_ns: 440795202592 ns
[    0.000004] sched_clock: 56 bits at 24MHz, resolution 41ns, wraps every 4398046511097ns
[    0.000047] Switching to timer-based delay loop, resolution 41ns
[    0.003345] clocksource: rk_timer: mask: 0xffffffff max_cycles: 0xffffffff, max_idle_ns: 79635851949 ns
[    0.003409] sched_clock: 32 bits at 24MHz, resolution 41ns, wraps every 89478484971ns
[    0.003534] Too many timer definitions for 'rk_timer'
[    0.003548] Failed to initialize '/timer@20044040': -22
[    0.003687] Too many timer definitions for 'rk_timer'
[    0.003700] Failed to initialize '/timer@20044060': -22
[    0.003825] Too many timer definitions for 'rk_timer'
[    0.003838] Failed to initialize '/timer@20044080': -22
[    0.003962] Too many timer definitions for 'rk_timer'
[    0.003975] Failed to initialize '/timer@200440a0': -22
[    0.007569] Console: colour dummy device 80x30
[    0.007632] printk: legacy console [tty0] enabled
[    0.010597] Calibrating delay loop (skipped), value calculated using timer frequency.. 48.00 BogoMIPS (lpj=240000)
[    0.010732] CPU: Testing write buffer coherency: ok
[    0.010950] pid_max: default: 32768 minimum: 301
[    0.011832] Mount-cache hash table entries: 2048 (order: 1, 8192 bytes, linear)
[    0.011976] Mountpoint-cache hash table entries: 2048 (order: 1, 8192 bytes, linear)
[    0.013229] VFS: Finished mounting rootfs on nullfs
[    0.015411] /cpus/cpu@f00 missing clock-frequency property
[    0.015597] /cpus/cpu@f01 missing clock-frequency property
[    0.015723] /cpus/cpu@f02 missing clock-frequency property
[    0.015845] /cpus/cpu@f03 missing clock-frequency property
[    0.015937] CPU0: thread -1, cpu 0, socket 15, mpidr 80000f00
[    0.021333] Setting up static identity map for 0x60100000 - 0x60100060
[    0.022083] rcu: Hierarchical SRCU implementation.
[    0.022173] rcu: 	Max phase no-delay instances is 1000.
[    0.023470] Timer migration: 1 hierarchy levels; 8 children per group; 1 crossnode level
[    0.025332] smp: Bringing up secondary CPUs ...
[    0.025435] smp: Brought up 1 node, 1 CPU
[    0.025511] SMP: Total of 1 processors activated (48.00 BogoMIPS).
[    0.025587] CPU: All CPU(s) started in SVC mode.
[    0.027065] Memory: 954764K/1034240K available (16384K kernel code, 1810K rwdata, 4788K rodata, 1024K init, 277K bss, 51808K reserved, 24576K cma-reserved, 235168K highmem)
[    0.028542] devtmpfs: initialized
[    0.050898] VFP support v0.3: implementor 41 architecture 2 part 30 variant 7 rev 5
[    0.051843] posixtimers hash table entries: 2048 (order: 2, 16384 bytes, linear)
[    0.052158] futex hash table entries: 1024 (65536 bytes on 1 NUMA nodes, total 64 KiB, linear).
[    0.058519] NET: Registered PF_NETLINK/PF_ROUTE protocol family
[    0.061196] DMA: preallocated 256 KiB pool for atomic coherent allocations
[    0.070681] thermal_sys: Registered thermal governor 'step_wise'
[    0.070980] cpuidle: using governor menu
[    0.072341] hw-breakpoint: found 5 (+1 reserved) breakpoint and 4 watchpoint registers.
[    0.072460] hw-breakpoint: maximum watchpoint size is 8 bytes.
[    0.073528] Serial: AMBA PL011 UART driver
[    0.076186] pstore: Using crash dump compression: deflate
[    0.076302] printk: legacy console [ramoops-1] enabled
[    0.078570] pstore: Registered ramoops as persistent store backend
[    0.078686] ramoops: using 0xf0000@0x68100000, ecc: 0
[    0.118737] rockchip-gpio 2007c000.gpio: probed /pinctrl/gpio@2007c000
[    0.121032] rockchip-gpio 20080000.gpio: probed /pinctrl/gpio@20080000
[    0.123280] rockchip-gpio 20084000.gpio: probed /pinctrl/gpio@20084000
[    0.125357] rockchip-gpio 20088000.gpio: probed /pinctrl/gpio@20088000
[    0.182741] iommu: Default domain type: Translated
[    0.182884] iommu: DMA domain TLB invalidation policy: strict mode
[    0.195378] SCSI subsystem initialized
[    0.196284] libata version 3.00 loaded.
[    0.197340] usbcore: registered new interface driver usbfs
[    0.
[missed 5086 bytes]
[    6.901706] Freeing initrd memory: 13468K
[   12.006001] input: silead_ts as /devices/platform/2005a000.i2c/i2c-2/2-0040/input/input0
[   12.047358] input: rk805 pwrkey as /devices/platform/2005a000.i2c/i2c-2/2-001a/rk805-pwrkey.3.auto/input/input1
[   12.068649] rk808-rtc rk808-rtc.4.auto: registered as rtc0
[   12.077188] rk808-rtc rk808-rtc.4.auto: setting system clock to 2026-09-10T01:06:12 UTC (1789002372)
[   12.111612] rk816-charger rk816-charger.6.auto: restored 100% from the last boot
[   12.154308] usbcore: registered new interface driver usbhid
[   12.160756] usbhid: USB HID core driver
[   12.168809] dwmmc_rockchip 10218000.mmc: Using external DMA controller.
[   12.175806] dwmmc_rockchip 10218000.mmc: Version ID is 270a
[   12.182313] dwmmc_rockchip 10218000.mmc: DW MMC controller at irq 60,32 bit host data width,256 deep fifo
[   12.190830] dwmmc_rockchip 1021c000.mmc: Using external DMA controller.
[   12.197798] dwmmc_rockchip 1021c000.mmc: Version ID is 270a
[   12.204544] dwmmc_rockchip 1021c000.mmc: DW MMC controller at irq 61,32 bit host data width,256 deep fifo
[   12.211770] dwmmc_rockchip 10218000.mmc: allocated mmc-pwrseq
[   12.218519] mmc_host mmc2: card is non-removable.
[   12.231452] mmc_host mmc1: card is non-removable.
[   12.242578] hw perfevents: enabled with armv7_cortex_a7 PMU driver, 5 (8000000f) counters available
[   12.255990] NET: Registered PF_INET6 protocol family
[   12.263565] mmc_host mmc1: Bus speed = 400000Hz (req 400000Hz, actual 400000HZ div = 0)
[   12.271683] mmc_host mmc2: Bus speed = 400000Hz (req 400000Hz, actual 400000HZ div = 0)
[   12.283751] Segment Routing with IPv6
[   12.293077] In-situ OAM (IOAM) with IPv6
[   12.301798] NET: Registered PF_PACKET protocol family
[   12.309806] can: controller area network core
[   12.318117] NET: Registered PF_CAN protocol family
[   12.326067] can: raw protocol
[   12.334208] can: broadcast manager protocol
[   12.342198] can: netlink gateway - max_hops=1
[   12.351571] Key type dns_resolver registered
[   12.360679] ThumbEE CPU extension supported.
[   12.368673] Registering SWP/SWPB emulation handler
[   12.386885] mmc_host mmc2: Bus speed = 50000000Hz (req 50000000Hz, actual 50000000HZ div = 0)
[   12.396922] mmc2: new high speed SDIO card at address 0001
[   12.417541] rtw88_8723cs mmc2:0001:1: Firmware version 11.0.0, H2C version 0
[   12.426974] rtw88_8723cs mmc2:0001:1: WOW Firmware version 11.0.0, H2C version 0
[   12.491825] mmc_host mmc1: Bus speed = 50000000Hz (req 52000000Hz, actual 50000000HZ div = 0)
[   12.500291] random: crng init done
[   12.536455] mmc1: new high speed MMC card at address 0001
[   12.554989] Loading compiled-in X.509 certificates
[   12.575398] mmcblk1: mmc1:0001 Origin 57.6 GiB
[   12.700285] cfg80211: Loading compiled-in X.509 certificates for regulatory database
[   12.780640] Loaded X.509 cert 'sforshee: 00b28ddf47aef9cea7'
[   12.810772] Loaded X.509 cert 'wens: 61c038651aabdcf94bd0ac7ff06c7248db18c600'
[   12.834661] clk: Disabling unused clocks
[   12.842603] PM: genpd: Disabling unused power domains
[   12.870657] Freeing unused kernel image (initmem) memory: 1024K
[   12.895566] Run /init as init process
[   12.903110]   with arguments:
[   12.910618]     /init
[   12.917968]   with environment:
[   12.925142]     HOME=/
[   12.932111]     TERM=linux
[   12.939187]     storagemedia=emmc
[   12.946043]     uboot_logo=0x02000000@0x9dc00000
[   12.952720]     SecureBootCheckOk=0
[   13.143013] faux_driver regulatory: Direct firmware load for regulatory.db failed with error -2
[   13.151571]  mmcblk1: p1(data)
[   13.166450] mmcblk1boot0: mmc1:0001 Origin 4.00 MiB
[   13.191081] cfg80211: failed to load regulatory.db
[   13.250008] rtw88_8723cs mmc2:0001:1: efuse MAC invalid, using random
[   13.316509] mmcblk1boot1: mmc1:0001 Origin 4.00 MiB
[   13.326250] taq102-initramfs 20260908-030330-f001466: init running
[   13.340191] mmcblk1rpmb: mmc1:0001 Origin 4.00 MiB, chardev (238:0)
[   13.368627] taq102-initramfs 20260908-030330-f001466: diagnostic image, kernel owns the USB console
[   13.378987] taq102-initramfs 20260908-030330-f001466: NO gadget -- no console will appear
[   13.467754] taq102-display: no PHY module for 7.3.0-rc2-g28924df2a08f-dirty; the kernel must carry the driver itself
[   13.531302] taq102-initramfs 20260908-030330-f001466: backlight 255 of 255
[   13.608641] taq102-initramfs 20260908-030330-f001466: rescued a previous ramoops from 0x68100000
[   14.139796] EXT4-fs (mmcblk1p1): recovery complete
[   14.149323] EXT4-fs (mmcblk1p1): mounted filesystem 056c3b81-6827-4622-972a-5b2f34e489ab r/w with ordered data mode. Quota mode: disabled.
[   14.167947] taq102-initramfs 20260908-030330-f001466: /data mounted from /dev/mmcblk1p1
[   14.230752] taq102-initramfs 20260908-030330-f001466: MAINLINE-USERSPACE-REACHED handing over to init
taq102-initramfs 20260908-030330-f001466: MAINLINE-USERSPACE-REACHED
taq102-initramfs 20260908-030330-f001466: MAINLINE-USERSPACE-REACHED
mount: mounting devpts on /dev/pts failed: No such file or directory
mount: mounting tmpfs on /dev/shm failed: No such file or directory
taq102-cube: insmod phy-rockchip-inno-dsidphy
[   14.386456] taq102-cube: insmod phy-rockchip-inno-dsidphy

TAQ-102 rescue image
taq102 login: taq102-cube: ok phy-rockchip-inno-dsidphy
[   14.515833] Console: switching to colour dummy device 80x30
[   14.519137] taq102-cube: ok phy-rockchip-inno-dsidphy
[   14.521258] rockchip-drm display-subsystem: bound 1010e000.vop (ops 0xc11df848)
[   14.521700] rockchip-drm display-subsystem: bound lvds (ops 0xc11e37e4)
[   14.525077] rockchip-drm display-subsystem: [drm] [PLANE:35:plane-0] pixel format with alpha exposed but blend mode not setup. Please fix.
[   14.525295] rockchip-drm display-subsystem: [drm] [PLANE:37:plane-1] pixel format with alpha exposed but blend mode not setup. Please fix.
[   14.537602] [drm] Initialized rockchip 1.0.0 for display-subsystem on minor 0
[   14.687429] taq102-ssh: dropbear listening on 22
[   14.705946] Console: switching to colour frame buffer device 128x37
[   14.796207] rockchip-drm display-subsystem: [drm] fb0: rockchipdrmfb frame buffer device
Successfully initialized wpa_supplicant
udhcpc: started, v1.37.0
udhcpc: broadcasting discover
taq102-cube: LVDS-1 is connected, modes: 1024x600 
[   15.689128] taq102-cube: LVDS-1 is connected, modes: 1024x600 
taq102-cube: insmod drm_shmem_helper
[   15.690988] taq102-cube: insmod drm_shmem_helper
taq102-cube: ok drm_shmem_helper
taq102-cube: insmod gpu-sched
[   15.755735] taq102-cube: ok drm_shmem_helper
[   15.757065] taq102-cube: insmod gpu-sched
taq102-cube: ok gpu-sched
[   15.825684] taq102-cube: ok gpu-sched
taq102-cube: insmod lima
[   15.845768] taq102-cube: insmod lima
[   15.926025] lima 10090000.gpu: gp - mali400 version major 1 minor 1
[   15.945149] lima 10090000.gpu: pp0 - mali400 version major 1 minor 1
[   15.964774] lima 10090000.gpu: pp1 - mali400 version major 1 minor 1
[   15.991753] lima 10090000.gpu: l2_cache0 64K, 4-way, 64byte cache line, 64bit external bus
[   16.015878] lima 10090000.gpu: bus rate = 148500000
[   16.024068] lima 10090000.gpu: mod rate = 148500000
[   16.055745] [drm] Initialized lima 1.1.0 for 10090000.gpu on minor 1
taq102-cube: ok lima
[   16.104761] taq102-cube: ok lima
taq102-cube: render node up: card0 card1 renderD128 
[   16.191124] taq102-cube: render node up: card0 card1 renderD128 
taq102-cube: touch /dev/input/event0, power key /dev/input/event1
[   16.408259] taq102-cube: touch /dev/input/event0, power key /dev/input/event1
open: No such file or directory
open: No such file or directory
[   16.634634] Console: switching to colour dummy device 80x30
[   16.635875] taq102-app: fbcon unbound from /sys/class/vtconsole/vtcon1
[   16.637074] taq102-app: starting /usr/bin/glcube (attempt 1)
[   17.609738] warning: `glcube' uses wireless extensions which will stop working for Wi-Fi 7 hardware; use nl80211
udhcpc: broadcasting discover
[   18.849324] wlan0: authenticate with 00:00:5e:00:53:01 (local address=ca:a6:5d:75:c4:0b)
[   18.981345] wlan0: send auth to 00:00:5e:00:53:01 (try 1/3)
[   19.005246] wlan0: authenticated
[   19.015129] wlan0: associate with 00:00:5e:00:53:01 (try 1/3)
[   19.045554] wlan0: RX AssocResp from 00:00:5e:00:53:01 (capab=0x1831 status=0 aid=20)
[   19.057744] wlan0: associated
[   19.105869] wlan0: Limiting TX power to 30 (30 - 0) dBm as advertised by 00:00:5e:00:53:01
udhcpc: broadcasting discover
udhcpc: broadcasting select for 192.168.1.83, server 192.168.1.1
udhcpc: lease of 192.168.1.83 obtained from 192.168.1.1, lease time 43200
deleting routers
adding dns 1.1.1.1
adding dns 1.0.0.1
[   21.948183] taq102-wifi: mdnsd announcing taq102.local on wlan0

TAQ-102 rescue image
taq102 login: root
login[94]: root login on 'ttyGS0'
# echo FIN; ip addr show wlan0 | grep "inet "; uname -v
FIN
    inet 192.168.1.83/24 brd 192.168.1.255 scope global wlan0
#31 SMP Thu Sep 10 02:59:03 CEST 2026
# 